Component: ARM Compiler 5.05 update 1 (build 106) Tool: armlink [4d0efa]

==============================================================================

Section Cross References

    main.o(i.assert_nrf_callback) refers to app_error.o(i.app_error_handler) for app_error_handler
    main.o(i.ble_evt_dispatch) refers to ble_conn_state.o(i.ble_conn_state_on_ble_evt) for ble_conn_state_on_ble_evt
    main.o(i.ble_evt_dispatch) refers to peer_manager.o(i.pm_on_ble_evt) for pm_on_ble_evt
    main.o(i.ble_evt_dispatch) refers to ble_conn_params.o(i.ble_conn_params_on_ble_evt) for ble_conn_params_on_ble_evt
    main.o(i.ble_evt_dispatch) refers to bsp_btn_ble.o(i.bsp_btn_ble_on_ble_evt) for bsp_btn_ble_on_ble_evt
    main.o(i.ble_evt_dispatch) refers to main.o(i.on_ble_evt) for on_ble_evt
    main.o(i.ble_evt_dispatch) refers to ble_advertising.o(i.ble_advertising_on_ble_evt) for ble_advertising_on_ble_evt
    main.o(i.ble_stack_init) refers to softdevice_handler.o(i.softdevice_handler_init) for softdevice_handler_init
    main.o(i.ble_stack_init) refers to app_error.o(i.app_error_handler_bare) for app_error_handler_bare
    main.o(i.ble_stack_init) refers to softdevice_handler.o(i.softdevice_enable_get_default_config) for softdevice_enable_get_default_config
    main.o(i.ble_stack_init) refers to softdevice_handler.o(i.softdevice_enable) for softdevice_enable
    main.o(i.ble_stack_init) refers to softdevice_handler.o(i.softdevice_ble_evt_handler_set) for softdevice_ble_evt_handler_set
    main.o(i.ble_stack_init) refers to softdevice_handler.o(i.softdevice_sys_evt_handler_set) for softdevice_sys_evt_handler_set
    main.o(i.ble_stack_init) refers to main.o(.constdata) for .constdata
    main.o(i.ble_stack_init) refers to main.o(.bss) for .bss
    main.o(i.ble_stack_init) refers to main.o(i.ble_evt_dispatch) for ble_evt_dispatch
    main.o(i.ble_stack_init) refers to main.o(i.sys_evt_dispatch) for sys_evt_dispatch
    main.o(i.bsp_event_handler) refers to main.o(i.sleep_mode_enter) for sleep_mode_enter
    main.o(i.bsp_event_handler) refers to app_error.o(i.app_error_handler_bare) for app_error_handler_bare
    main.o(i.bsp_event_handler) refers to ble_advertising.o(i.ble_advertising_restart_without_whitelist) for ble_advertising_restart_without_whitelist
    main.o(i.bsp_event_handler) refers to main.o(.data) for .data
    main.o(i.conn_params_error_handler) refers to app_error.o(i.app_error_handler_bare) for app_error_handler_bare
    main.o(i.main) refers to app_timer.o(i.app_timer_init) for app_timer_init
    main.o(i.main) refers to app_error.o(i.app_error_handler_bare) for app_error_handler_bare
    main.o(i.main) refers to bsp.o(i.bsp_init) for bsp_init
    main.o(i.main) refers to bsp_btn_ble.o(i.bsp_btn_ble_init) for bsp_btn_ble_init
    main.o(i.main) refers to main.o(i.ble_stack_init) for ble_stack_init
    main.o(i.main) refers to main.o(i.peer_manager_init) for peer_manager_init
    main.o(i.main) refers to memseta.o(.text) for __aeabi_memclr4
    main.o(i.main) refers to ble_advertising.o(i.ble_advertising_init) for ble_advertising_init
    main.o(i.main) refers to ble_conn_params.o(i.ble_conn_params_init) for ble_conn_params_init
    main.o(i.main) refers to ble_advertising.o(i.ble_advertising_start) for ble_advertising_start
    main.o(i.main) refers to main.o(.bss) for .bss
    main.o(i.main) refers to main.o(i.bsp_event_handler) for bsp_event_handler
    main.o(i.main) refers to main.o(.data) for .data
    main.o(i.main) refers to main.o(i.on_adv_evt) for on_adv_evt
    main.o(i.main) refers to main.o(i.on_conn_params_evt) for on_conn_params_evt
    main.o(i.main) refers to main.o(i.conn_params_error_handler) for conn_params_error_handler
    main.o(i.on_adv_evt) refers to bsp.o(i.bsp_indication_set) for bsp_indication_set
    main.o(i.on_adv_evt) refers to app_error.o(i.app_error_handler_bare) for app_error_handler_bare
    main.o(i.on_adv_evt) refers to main.o(i.sleep_mode_enter) for sleep_mode_enter
    main.o(i.on_ble_evt) refers to bsp.o(i.bsp_indication_set) for bsp_indication_set
    main.o(i.on_ble_evt) refers to app_error.o(i.app_error_handler_bare) for app_error_handler_bare
    main.o(i.on_ble_evt) refers to memcpya.o(.text) for __aeabi_memcpy
    main.o(i.on_ble_evt) refers to main.o(.data) for .data
    main.o(i.on_conn_params_evt) refers to app_error.o(i.app_error_handler_bare) for app_error_handler_bare
    main.o(i.on_conn_params_evt) refers to main.o(.data) for .data
    main.o(i.peer_manager_init) refers to peer_manager.o(i.pm_init) for pm_init
    main.o(i.peer_manager_init) refers to app_error.o(i.app_error_handler_bare) for app_error_handler_bare
    main.o(i.peer_manager_init) refers to peer_manager.o(i.pm_peers_delete) for pm_peers_delete
    main.o(i.peer_manager_init) refers to peer_manager.o(i.pm_sec_params_set) for pm_sec_params_set
    main.o(i.peer_manager_init) refers to peer_manager.o(i.pm_register) for pm_register
[...]
    .data                                    0x20002010   Section       48  ble_advertising.o(.data)
    m_initialized                            0x20002010   Data           1  ble_advertising.o(.data)
    m_advertising_start_pending              0x20002011   Data           1  ble_advertising.o(.data)
    m_adv_evt                                0x20002012   Data           1  ble_advertising.o(.data)
    m_adv_mode_current                       0x20002013   Data           1  ble_advertising.o(.data)
    m_peer_addr_reply_expected               0x20002014   Data           1  ble_advertising.o(.data)
    m_whitelist_temporarily_disabled         0x20002015   Data           1  ble_advertising.o(.data)
    m_whitelist_reply_expected               0x20002016   Data           1  ble_advertising.o(.data)
    m_current_slave_link_conn_handle         0x20002018   Data           2  ble_advertising.o(.data)
    m_slave_conn_int                         0x2000201a   Data           4  ble_advertising.o(.data)
    m_evt_handler                            0x20002020   Data           4  ble_advertising.o(.data)
    m_error_handler                          0x20002024   Data           4  ble_advertising.o(.data)
    m_peer_address                           0x20002028   Data           7  ble_advertising.o(.data)
    m_whitelist                              0x20002030   Data          16  ble_advertising.o(.data)
    .data                                    0x20002040   Section       20  ble_conn_params.o(.data)
    m_change_param                           0x20002040   Data           1  ble_conn_params.o(.data)
    m_update_count                           0x20002041   Data           1  ble_conn_params.o(.data)
    m_conn_handle                            0x20002042   Data           2  ble_conn_params.o(.data)
    m_preferred_conn_params                  0x20002044   Data           8  ble_conn_params.o(.data)
    m_current_conn_params                    0x2000204c   Data           8  ble_conn_params.o(.data)
    .data                                    0x20002054   Section       12  gatt_cache_manager.o(.data)
    m_module_initialized                     0x20002054   Data           1  gatt_cache_manager.o(.data)
    m_flag_local_db_update_pending           0x20002055   Data           1  gatt_cache_manager.o(.data)
    m_flag_local_db_apply_pending            0x20002056   Data           1  gatt_cache_manager.o(.data)
    m_flag_service_changed_pending           0x20002057   Data           1  gatt_cache_manager.o(.data)
    m_flag_service_changed_sent              0x20002058   Data           1  gatt_cache_manager.o(.data)
    m_evt_handlers                           0x2000205c   Data           4  gatt_cache_manager.o(.data)
    .data                                    0x20002060   Section       12  gatts_cache_manager.o(.data)
    m_module_initialized                     0x20002060   Data           1  gatts_cache_manager.o(.data)
    start_handle                             0x20002062   Data           2  gatts_cache_manager.o(.data)
    m_current_sc_store_peer_id               0x20002064   Data           2  gatts_cache_manager.o(.data)
    m_evt_handler                            0x20002068   Data           4  gatts_cache_manager.o(.data)
    .data                                    0x2000206c   Section       10  id_manager.o(.data)
    m_module_initialized                     0x2000206c   Data           1  id_manager.o(.data)
    m_conn_state_user_flag_id                0x2000206d   Data           1  id_manager.o(.data)
    m_wlisted_peer_cnt                       0x2000206e   Data           1  id_manager.o(.data)
    m_current_id_addr                        0x2000206f   Data           7  id_manager.o(.data)
    .data                                    0x20002078   Section       12  peer_data_storage.o(.data)
    m_module_initialized                     0x20002078   Data           1  peer_data_storage.o(.data)
    m_peer_delete_queued                     0x20002079   Data           1  peer_data_storage.o(.data)
    m_peer_delete_ongoing                    0x2000207a   Data           1  peer_data_storage.o(.data)
    m_fds_ftok                               0x2000207c   Data           8  peer_data_storage.o(.data)
    .data                                    0x20002084   Section        8  peer_database.o(.data)
    mutex_memory                             0x20002084   Data           1  peer_database.o(.data)
    m_module_initialized                     0x20002085   Data           1  peer_database.o(.data)
    m_n_writes                               0x20002088   Data           4  peer_database.o(.data)
    .data                                    0x2000208c   Section       16  peer_manager.o(.data)
    m_module_initialized                     0x2000208c   Data           1  peer_manager.o(.data)
    m_peer_rank_initialized                  0x2000208d   Data           1  peer_manager.o(.data)
    m_deleting_all                           0x2000208e   Data           1  peer_manager.o(.data)
    m_n_registrants                          0x2000208f   Data           1  peer_manager.o(.data)
    m_pairing_flag_id                        0x20002090   Data           1  peer_manager.o(.data)
    m_bonding_flag_id                        0x20002091   Data           1  peer_manager.o(.data)
    m_highest_ranked_peer                    0x20002092   Data           2  peer_manager.o(.data)
    m_peer_rank_token                        0x20002094   Data           4  peer_manager.o(.data)
    m_current_highest_peer_rank              0x20002098   Data           4  peer_manager.o(.data)
    .data                                    0x2000209c   Section        4  security_dispatcher.o(.data)
    m_flag_sec_proc                          0x2000209c   Data           1  security_dispatcher.o(.data)
    m_flag_sec_proc_pairing                  0x2000209d   Data           1  security_dispatcher.o(.data)
    m_flag_sec_proc_new_peer                 0x2000209e   Data           1  security_dispatcher.o(.data)
    m_module_initialized                     0x2000209f   Data           1  security_dispatcher.o(.data)
    .data                                    0x200020a0   Section       21  security_manager.o(.data)
    m_flag_link_secure_pending_busy          0x200020a0   Data           1  security_manager.o(.data)
    m_flag_link_secure_pending_flash_full    0x200020a1   Data           1  security_manager.o(.data)
    m_flag_link_secure_force_repairing       0x200020a2   Data           1  security_manager.o(.data)
    m_flag_link_secure_null_params           0x200020a3   Data           1  security_manager.o(.data)
    m_flag_params_reply_pending_busy         0x200020a4   Data           1  security_manager.o(.data)
    m_flag_params_reply_pending_flash_full   0x200020a5   Data           1  security_manager.o(.data)
    m_flag_reject_pairing                    0x200020a6   Data           1  security_manager.o(.data)
    m_module_initialized                     0x200020a7   Data           1  security_manager.o(.data)
    m_sec_params_valid                       0x200020a8   Data           1  security_manager.o(.data)
    m_p_public_key                           0x200020ac   Data           4  security_manager.o(.data)
    m_sec_params                             0x200020b0   Data           5  security_manager.o(.data)
    .data                                    0x200020b8   Section       20  app_button.o(.data)
    m_button_count                           0x200020b8   Data           1  app_button.o(.data)
    mp_buttons                               0x200020bc   Data           4  app_button.o(.data)
    m_detection_delay                        0x200020c0   Data           4  app_button.o(.data)
    m_pin_state                              0x200020c4   Data           4  app_button.o(.data)
    m_pin_transition                         0x200020c8   Data           4  app_button.o(.data)
    .data                                    0x200020cc   Section       32  app_timer.o(.data)
    m_ticks_elapsed_q_read_ind               0x200020cc   Data           1  app_timer.o(.data)
    m_ticks_elapsed_q_write_ind              0x200020cd   Data           1  app_timer.o(.data)
    m_rtc1_running                           0x200020ce   Data           1  app_timer.o(.data)
    m_rtc1_reset                             0x200020cf   Data           1  app_timer.o(.data)
    mp_timer_id_head                         0x200020d0   Data           4  app_timer.o(.data)
    m_ticks_latest                           0x200020d4   Data           4  app_timer.o(.data)
    m_evt_schedule_func                      0x200020d8   Data           4  app_timer.o(.data)
    m_op_queue                               0x200020dc   Data           8  app_timer.o(.data)
    m_ticks_elapsed                          0x200020e4   Data           8  app_timer.o(.data)
    .data                                    0x200020ec   Section       12  app_util_platform.o(.data)
    m_in_critical_region                     0x200020ec   Data           4  app_util_platform.o(.data)
    .data                                    0x200020f8   Section       24  fds.o(.data)
    m_flags                                  0x200020f8   Data           1  fds.o(.data)
    m_users                                  0x200020f9   Data           1  fds.o(.data)
    m_latest_rec_id                          0x200020fc   Data           4  fds.o(.data)
    tok                                      0x20002100   Data           8  fds.o(.data)
    m_swap_page                              0x20002108   Data           8  fds.o(.data)
    .data                                    0x20002110   Section        2  fstorage.o(.data)
    m_flags                                  0x20002110   Data           1  fstorage.o(.data)
    m_retry_count                            0x20002111   Data           1  fstorage.o(.data)
    .data                                    0x20002114   Section       20  softdevice_handler.o(.data)
    m_softdevice_enabled                     0x20002114   Data           1  softdevice_handler.o(.data)
    m_suspended                              0x20002115   Data           1  softdevice_handler.o(.data)
    m_ble_evt_buffer_size                    0x20002116   Data           2  softdevice_handler.o(.data)
    m_evt_schedule_func                      0x20002118   Data           4  softdevice_handler.o(.data)
    mp_ble_evt_buffer                        0x2000211c   Data           4  softdevice_handler.o(.data)
    m_ble_evt_handler                        0x20002120   Data           4  softdevice_handler.o(.data)
    m_sys_evt_handler                        0x20002124   Data           4  softdevice_handler.o(.data)
    .data                                    0x20002128   Section        4  system_nrf51.o(.data)
    __tagsym$$used                           0x20002128   Number         0  system_nrf51.o(.data)
    fs_data                                  0x2000212c   Section       16  fds.o(fs_data)
    __tagsym$$used                           0x2000212c   Number         0  fds.o(fs_data)
    fs_config                                0x2000212c   Data          16  fds.o(fs_data)
    .bss                                     0x2000213c   Section      192  main.o(.bss)
    APP_TIMER_BUF                            0x2000213c   Data         120  main.o(.bss)
    BLE_EVT_BUFFER                           0x200021b4   Data          72  main.o(.bss)
    .bss                                     0x200021fc   Section       32  bsp.o(.bss)
    m_leds_timer_id_data                     0x200021fc   Data          32  bsp.o(.bss)
    .bss                                     0x2000221c   Section       32  bsp.o(.bss)
    m_alert_timer_id_data                    0x2000221c   Data          32  bsp.o(.bss)
    .bss                                     0x2000223c   Section       12  bsp.o(.bss)
    m_events_list                            0x2000223c   Data          12  bsp.o(.bss)
    .bss                                     0x20002248   Section       32  bsp.o(.bss)
    m_button_timer_id_data                   0x20002248   Data          32  bsp.o(.bss)
    .bss                                     0x20002268   Section      359  ble_advertising.o(.bss)
    m_adv_modes_config                       0x20002268   Data          32  ble_advertising.o(.bss)
    m_advdata                                0x20002288   Data          56  ble_advertising.o(.bss)
    m_manuf_specific_data                    0x200022c0   Data          12  ble_advertising.o(.bss)
    m_manuf_data_array                       0x200022cc   Data          31  ble_advertising.o(.bss)
    m_service_data                           0x200022ec   Data          12  ble_advertising.o(.bss)
    m_service_data_array                     0x200022f8   Data          31  ble_advertising.o(.bss)
    m_whitelist_addrs                        0x20002317   Data          56  ble_advertising.o(.bss)
    m_whitelist_irks                         0x2000234f   Data         128  ble_advertising.o(.bss)
    .bss                                     0x200023d0   Section       32  ble_advertising.o(.bss)
    m_p_whitelist_addrs                      0x200023d0   Data          32  ble_advertising.o(.bss)
    .bss                                     0x200023f0   Section       32  ble_advertising.o(.bss)
    m_p_whitelist_irks                       0x200023f0   Data          32  ble_advertising.o(.bss)
    .bss                                     0x20002410   Section       32  ble_conn_params.o(.bss)
    m_conn_params_timer_id_data              0x20002410   Data          32  ble_conn_params.o(.bss)
    .bss                                     0x20002430   Section       28  ble_conn_params.o(.bss)
    m_conn_params_config                     0x20002430   Data          28  ble_conn_params.o(.bss)
    .bss                                     0x2000244c   Section       52  ble_conn_state.o(.bss)
    m_bcs                                    0x2000244c   Data          52  ble_conn_state.o(.bss)
    .bss                                     0x20002480   Section      112  id_manager.o(.bss)
    m_connections                            0x20002480   Data          96  id_manager.o(.bss)
    m_wlisted_peers                          0x200024e0   Data          16  id_manager.o(.bss)
    .bss                                     0x200024f0   Section      816  peer_database.o(.bss)
    buffer_memory                            0x200024f0   Data         640  peer_database.o(.bss)
    m_write_buffer                           0x20002770   Data          16  peer_database.o(.bss)
    m_write_buffer_records                   0x20002780   Data         160  peer_database.o(.bss)
    .bss                                     0x20002820   Section       64  peer_id.o(.bss)
    m_pi                                     0x20002820   Data          64  peer_id.o(.bss)
    .bss                                     0x20002860   Section       12  peer_manager.o(.bss)
    m_evt_handlers                           0x20002860   Data          12  peer_manager.o(.bss)
    .bss                                     0x2000286c   Section       64  security_dispatcher.o(.bss)
    m_peer_pk                                0x2000286c   Data          64  security_dispatcher.o(.bss)
    .bss                                     0x200028ac   Section       20  nrf_drv_clock.o(.bss)
    m_clock_cb                               0x200028ac   Data          20  nrf_drv_clock.o(.bss)
    .bss                                     0x200028c0   Section       72  nrf_drv_gpiote.o(.bss)
    m_cb                                     0x200028c0   Data          72  nrf_drv_gpiote.o(.bss)
    .bss                                     0x20002908   Section       28  nrf_drv_uart.o(.bss)
    m_cb                                     0x20002908   Data          28  nrf_drv_uart.o(.bss)
    .bss                                     0x20002924   Section       32  app_button.o(.bss)
    m_detection_delay_timer_id_data          0x20002924   Data          32  app_button.o(.bss)
    .bss                                     0x20002944   Section      284  fds.o(.bss)
    desc                                     0x20002944   Data          12  fds.o(.bss)
    m_cb_table                               0x20002950   Data          32  fds.o(.bss)
    m_op_queue                               0x20002970   Data         120  fds.o(.bss)
    m_chunk_queue                            0x200029e8   Data          72  fds.o(.bss)
    m_pages                                  0x20002a30   Data          32  fds.o(.bss)
    m_gc                                     0x20002a50   Data          16  fds.o(.bss)
    .bss                                     0x20002a60   Section      104  fstorage.o(.bss)
    m_queue                                  0x20002a60   Data         104  fstorage.o(.bss)
    STACK                                    0x20002ac8   Section     2048  arm_startup_nrf51.o(STACK)

    Global Symbols

    Symbol Name                              Value     Ov Type        Size  Object(Section)

    BuildAttributes$$THM_ISAv3M$S$PE$A:L22$X:L11$S22$IEEE1$IW$USESV6$~STKCKD$USESV7$~SHL$OSPACE$EBA8$MICROLIB$REQ8$PRES8$EABIv2 0x00000000   Number         0  anon$$obj.o ABSOLUTE
    __ARM_use_no_argv                        0x00000000   Number         0  main.o ABSOLUTE
    __cpp_initialize__aeabi_                  - Undefined Weak Reference
    __cxa_finalize                            - Undefined Weak Reference
    _clock_init                               - Undefined Weak Reference
    _microlib_exit                            - Undefined Weak Reference
    __Vectors_Size                           0x000000c0   Number         0  arm_startup_nrf51.o ABSOLUTE
    __Vectors                                0x0001b000   Data           4  arm_startup_nrf51.o(RESET)
    __Vectors_End                            0x0001b0c0   Data           0  arm_startup_nrf51.o(RESET)
    __main                                   0x0001b0c1   Thumb Code     0  entry.o(.ARM.Collect$$$$00000000)
    _main_stk                                0x0001b0c1   Thumb Code     0  entry2.o(.ARM.Collect$$$$00000001)
    _main_scatterload                        0x0001b0c5   Thumb Code     0  entry5.o(.ARM.Collect$$$$00000004)
    __main_after_scatterload                 0x0001b0c9   Thumb Code     0  entry5.o(.ARM.Collect$$$$00000004)
    _main_clock                              0x0001b0c9   Thumb Code     0  entry7b.o(.ARM.Collect$$$$00000008)
    _main_cpp_init                           0x0001b0c9   Thumb Code     0  entry8b.o(.ARM.Collect$$$$0000000A)
    _main_init                               0x0001b0c9   Thumb Code     0  entry9a.o(.ARM.Collect$$$$0000000B)
    __rt_final_cpp                           0x0001b0d1   Thumb Code     0  entry10a.o(.ARM.Collect$$$$0000000D)
    __rt_final_exit                          0x0001b0d1   Thumb Code     0  entry11a.o(.ARM.Collect$$$$0000000F)
    Reset_Handler                            0x0001b0d5   Thumb Code    26  arm_startup_nrf51.o(.text)
    NMI_Handler                              0x0001b0ef   Thumb Code     2  arm_startup_nrf51.o(.text)
    HardFault_Handler                        0x0001b0f1   Thumb Code     2  arm_startup_nrf51.o(.text)
    SVC_Handler                              0x0001b0f3   Thumb Code     2  arm_startup_nrf51.o(.text)
    PendSV_Handler                           0x0001b0f5   Thumb Code     2  arm_startup_nrf51.o(.text)
    SysTick_Handler                          0x0001b0f7   Thumb Code     2  arm_startup_nrf51.o(.text)
    ADC_IRQHandler                           0x0001b0f9   Thumb Code     0  arm_startup_nrf51.o(.text)
    CCM_AAR_IRQHandler                       0x0001b0f9   Thumb Code     0  arm_startup_nrf51.o(.text)
    ECB_IRQHandler                           0x0001b0f9   Thumb Code     0  arm_startup_nrf51.o(.text)
    LPCOMP_IRQHandler                        0x0001b0f9   Thumb Code     0  arm_startup_nrf51.o(.text)
    QDEC_IRQHandler                          0x0001b0f9   Thumb Code     0  arm_startup_nrf51.o(.text)
    RADIO_IRQHandler                         0x0001b0f9   Thumb Code     0  arm_startup_nrf51.o(.text)
    RNG_IRQHandler                           0x0001b0f9   Thumb Code     0  arm_startup_nrf51.o(.text)
    RTC0_IRQHandler                          0x0001b0f9   Thumb Code     0  arm_startup_nrf51.o(.text)
    SPI0_TWI0_IRQHandler                     0x0001b0f9   Thumb Code     0  arm_startup_nrf51.o(.text)
    SPI1_TWI1_IRQHandler                     0x0001b0f9   Thumb Code     0  arm_startup_nrf51.o(.text)
    SWI1_IRQHandler                          0x0001b0f9   Thumb Code     0  arm_startup_nrf51.o(.text)
    SWI3_IRQHandler                          0x0001b0f9   Thumb Code     0  arm_startup_nrf51.o(.text)
    SWI4_IRQHandler                          0x0001b0f9   Thumb Code     0  arm_startup_nrf51.o(.text)
    SWI5_IRQHandler                          0x0001b0f9   Thumb Code     0  arm_startup_nrf51.o(.text)
    TEMP_IRQHandler                          0x0001b0f9   Thumb Code     0  arm_startup_nrf51.o(.text)
    TIMER0_IRQHandler                        0x0001b0f9   Thumb Code     0  arm_startup_nrf51.o(.text)
    TIMER1_IRQHandler                        0x0001b0f9   Thumb Code     0  arm_startup_nrf51.o(.text)
    TIMER2_IRQHandler                        0x0001b0f9   Thumb Code     0  arm_startup_nrf51.o(.text)
    WDT_IRQHandler                           0x0001b0f9   Thumb Code     0  arm_startup_nrf51.o(.text)
    __aeabi_uidiv                            0x0001b10d   Thumb Code     0  uidiv.o(.text)
    __aeabi_uidivmod                         0x0001b10d   Thumb Code    44  uidiv.o(.text)
    __aeabi_memcpy                           0x0001b139   Thumb Code    36  memcpya.o(.text)
    __aeabi_memcpy4                          0x0001b139   Thumb Code     0  memcpya.o(.text)
    __aeabi_memcpy8                          0x0001b139   Thumb Code     0  memcpya.o(.text)
    __aeabi_memset                           0x0001b15d   Thumb Code    14  memseta.o(.text)
    __aeabi_memset4                          0x0001b15d   Thumb Code     0  memseta.o(.text)
    __aeabi_memset8                          0x0001b15d   Thumb Code     0  memseta.o(.text)
    __aeabi_memclr                           0x0001b16b   Thumb Code     4  memseta.o(.text)
    __aeabi_memclr4                          0x0001b16b   Thumb Code     0  memseta.o(.text)
    __aeabi_memclr8                          0x0001b16b   Thumb Code     0  memseta.o(.text)
    _memset$wrapper                          0x0001b16f   Thumb Code    18  memseta.o(.text)
    memcmp                                   0x0001b181   Thumb Code    26  memcmp.o(.text)
    __scatterload                            0x0001b19d   Thumb Code    28  init.o(.text)
    __scatterload_rt2                        0x0001b19d   Thumb Code     0  init.o(.text)
    __decompress                             0x0001b1c1   Thumb Code     0  __dczerorl2.o(.text)
    __decompress1                            0x0001b1c1   Thumb Code    86  __dczerorl2.o(.text)
    GPIOTE_IRQHandler                        0x0001b219   Thumb Code   316  nrf_drv_gpiote.o(i.GPIOTE_IRQHandler)
    POWER_CLOCK_IRQHandler                   0x0001b3ad   Thumb Code    70  nrf_drv_clock.o(i.POWER_CLOCK_IRQHandler)
    RTC1_IRQHandler                          0x0001b401   Thumb Code    28  app_timer.o(i.RTC1_IRQHandler)
    SWI0_IRQHandler                          0x0001b421   Thumb Code     8  app_timer.o(i.SWI0_IRQHandler)
    SWI2_IRQHandler                          0x0001b429   Thumb Code    28  softdevice_handler.o(i.SWI2_IRQHandler)
    SystemInit                               0x0001b449   Thumb Code   130  system_nrf51.o(i.SystemInit)
    UART0_IRQHandler                         0x0001b4e9   Thumb Code    12  nrf_drv_uart.o(i.UART0_IRQHandler)
    __ARM_common_switch8                     0x0001b4fd   Thumb Code    26  main.o(i.__ARM_common_switch8)
    __scatterload_copy                       0x0001b517   Thumb Code    14  handlers.o(i.__scatterload_copy)
    __scatterload_null                       0x0001b525   Thumb Code     2  handlers.o(i.__scatterload_null)
    __scatterload_zeroinit                   0x0001b527   Thumb Code    14  handlers.o(i.__scatterload_zeroinit)
    addr_compare                             0x0001b551   Thumb Code    40  id_manager.o(i.addr_compare)
    adv_data_encode                          0x0001b579   Thumb Code   398  ble_advdata.o(i.adv_data_encode)
    ah                                       0x0001b7ad   Thumb Code    78  id_manager.o(i.ah)
    app_button_enable                        0x0001b815   Thumb Code    32  app_button.o(i.app_button_enable)
    app_button_init                          0x0001b839   Thumb Code   100  app_button.o(i.app_button_init)
    app_error_fault_handler                  0x0001b8ad   Thumb Code    18  app_error_weak.o(i.app_error_fault_handler)
    app_error_handler_bare                   0x0001b8c9   Thumb Code    20  app_error.o(i.app_error_handler_bare)
    app_timer_create                         0x0001b8e1   Thumb Code    40  app_timer.o(i.app_timer_create)
    app_timer_init                           0x0001b90d   Thumb Code    98  app_timer.o(i.app_timer_init)
    app_timer_start                          0x0001b981   Thumb Code   128  app_timer.o(i.app_timer_start)
    app_timer_stop                           0x0001ba09   Thumb Code    36  app_timer.o(i.app_timer_stop)
    app_util_critical_region_enter           0x0001ba31   Thumb Code    48  app_util_platform.o(i.app_util_critical_region_enter)
    app_util_critical_region_exit            0x0001ba6d   Thumb Code    36  app_util_platform.o(i.app_util_critical_region_exit)
    ble_advdata_set                          0x0001bb39   Thumb Code   104  ble_advdata.o(i.ble_advdata_set)
    ble_advertising_init                     0x0001bba1   Thumb Code   340  ble_advertising.o(i.ble_advertising_init)
    ble_advertising_on_ble_evt               0x0001bcfd   Thumb Code    82  ble_advertising.o(i.ble_advertising_on_ble_evt)
    ble_advertising_on_sys_evt               0x0001bd55   Thumb Code    42  ble_advertising.o(i.ble_advertising_on_sys_evt)
    ble_advertising_restart_without_whitelist 0x0001bd85   Thumb Code    50  ble_advertising.o(i.ble_advertising_restart_without_whitelist)
    ble_advertising_start                    0x0001bdc1   Thumb Code   256  ble_advertising.o(i.ble_advertising_start)
    ble_conn_params_init                     0x0001bec9   Thumb Code    68  ble_conn_params.o(i.ble_conn_params_init)
    ble_conn_params_on_ble_evt               0x0001bf1d   Thumb Code   130  ble_conn_params.o(i.ble_conn_params_on_ble_evt)
    ble_conn_state_conn_handles              0x0001bfad   Thumb Code    14  ble_conn_state.o(i.ble_conn_state_conn_handles)
    ble_conn_state_encrypted                 0x0001bfc1   Thumb Code    16  ble_conn_state.o(i.ble_conn_state_encrypted)
    ble_conn_state_mitm_protected            0x0001bfd5   Thumb Code    16  ble_conn_state.o(i.ble_conn_state_mitm_protected)
    ble_conn_state_on_ble_evt                0x0001bfe9   Thumb Code   238  ble_conn_state.o(i.ble_conn_state_on_ble_evt)
    ble_conn_state_role                      0x0001c0e1   Thumb Code    46  ble_conn_state.o(i.ble_conn_state_role)
    ble_conn_state_user_flag_acquire         0x0001c115   Thumb Code    42  ble_conn_state.o(i.ble_conn_state_user_flag_acquire)
    ble_conn_state_user_flag_collection      0x0001c145   Thumb Code    20  ble_conn_state.o(i.ble_conn_state_user_flag_collection)
    ble_conn_state_user_flag_get             0x0001c15d   Thumb Code    32  ble_conn_state.o(i.ble_conn_state_user_flag_get)
    ble_conn_state_user_flag_set             0x0001c181   Thumb Code    36  ble_conn_state.o(i.ble_conn_state_user_flag_set)
    ble_srv_is_notification_enabled          0x0001c22f   Thumb Code    14  ble_srv_common.o(i.ble_srv_is_notification_enabled)
    bsp_btn_ble_init                         0x0001c2ad   Thumb Code    80  bsp_btn_ble.o(i.bsp_btn_ble_init)
    bsp_btn_ble_on_ble_evt                   0x0001c301   Thumb Code   114  bsp_btn_ble.o(i.bsp_btn_ble_on_ble_evt)
    bsp_btn_ble_sleep_mode_prepare           0x0001c379   Thumb Code    20  bsp_btn_ble.o(i.bsp_btn_ble_sleep_mode_prepare)
    bsp_button_is_pressed                    0x0001c42d   Thumb Code    34  bsp.o(i.bsp_button_is_pressed)
    bsp_event_to_button_action_assign        0x0001c49d   Thumb Code    66  bsp.o(i.bsp_event_to_button_action_assign)
    bsp_indication_set                       0x0001c4e5   Thumb Code    22  bsp.o(i.bsp_indication_set)
    bsp_init                                 0x0001c501   Thumb Code   134  bsp.o(i.bsp_init)
    bsp_wakeup_buttons_set                   0x0001c799   Thumb Code    50  bsp.o(i.bsp_wakeup_buttons_set)
    chunk_queue_next                         0x0001c875   Thumb Code    20  fds.o(i.chunk_queue_next)
    fds_file_delete                          0x0001ce59   Thumb Code    66  fds.o(i.fds_file_delete)
    fds_gc                                   0x0001cea5   Thumb Code    62  fds.o(i.fds_gc)
    fds_init                                 0x0001ceed   Thumb Code   134  fds.o(i.fds_init)
    fds_record_close                         0x0001cf79   Thumb Code    60  fds.o(i.fds_record_close)
    fds_record_find                          0x0001cfb9   Thumb Code    14  fds.o(i.fds_record_find)
    fds_record_find_by_key                   0x0001cfc7   Thumb Code    16  fds.o(i.fds_record_find_by_key)
    fds_record_find_in_file                  0x0001cfd7   Thumb Code    16  fds.o(i.fds_record_find_in_file)
    fds_record_id_from_desc                  0x0001cfe7   Thumb Code    20  fds.o(i.fds_record_id_from_desc)
    fds_record_open                          0x0001cffd   Thumb Code    64  fds.o(i.fds_record_open)
    fds_record_update                        0x0001d041   Thumb Code    20  fds.o(i.fds_record_update)
    fds_record_write                         0x0001d055   Thumb Code    12  fds.o(i.fds_record_write)
    fds_record_write_reserved                0x0001d061   Thumb Code    18  fds.o(i.fds_record_write_reserved)
    fds_register                             0x0001d075   Thumb Code    28  fds.o(i.fds_register)
    fds_reserve                              0x0001d099   Thumb Code    48  fds.o(i.fds_reserve)
    fds_reserve_cancel                       0x0001d0cd   Thumb Code    62  fds.o(i.fds_reserve_cancel)
    fs_erase                                 0x0001d1d9   Thumb Code   118  fstorage.o(i.fs_erase)
    fs_init                                  0x0001d261   Thumb Code   154  fstorage.o(i.fs_init)
    fs_queued_op_count_get                   0x0001d30d   Thumb Code    18  fstorage.o(i.fs_queued_op_count_get)
    fs_store                                 0x0001d325   Thumb Code   128  fstorage.o(i.fs_store)
    fs_sys_event_handler                     0x0001d3a9   Thumb Code    94  fstorage.o(i.fs_sys_event_handler)
    gcm_ble_evt_handler                      0x0001d5e5   Thumb Code   232  gatt_cache_manager.o(i.gcm_ble_evt_handler)
    gcm_gscm_evt_handler                     0x0001d6d5   Thumb Code    96  gatt_cache_manager.o(i.gcm_gscm_evt_handler)
    gcm_im_evt_handler                       0x0001d73d   Thumb Code    40  gatt_cache_manager.o(i.gcm_im_evt_handler)
    gcm_init                                 0x0001d769   Thumb Code    66  gatt_cache_manager.o(i.gcm_init)
    gcm_local_database_has_changed           0x0001d7b1   Thumb Code    66  gatt_cache_manager.o(i.gcm_local_database_has_changed)
    gcm_smd_evt_handler                      0x0001d7fd   Thumb Code    16  gatt_cache_manager.o(i.gcm_smd_evt_handler)
    get_connection_by_conn_handle            0x0001d80d   Thumb Code    48  id_manager.o(i.get_connection_by_conn_handle)
    get_free_connection                      0x0001d845   Thumb Code    40  id_manager.o(i.get_free_connection)
    gscm_db_change_notification_done         0x0001d8c5   Thumb Code    22  gatts_cache_manager.o(i.gscm_db_change_notification_done)
    gscm_init                                0x0001d8e1   Thumb Code    16  gatts_cache_manager.o(i.gscm_init)
    gscm_local_database_has_changed          0x0001d8f5   Thumb Code    18  gatts_cache_manager.o(i.gscm_local_database_has_changed)
    gscm_local_db_cache_apply                0x0001d911   Thumb Code   104  gatts_cache_manager.o(i.gscm_local_db_cache_apply)
    gscm_local_db_cache_update               0x0001d97d   Thumb Code   124  gatts_cache_manager.o(i.gscm_local_db_cache_update)
    gscm_pdb_evt_handler                     0x0001da01   Thumb Code    68  gatts_cache_manager.o(i.gscm_pdb_evt_handler)
    gscm_service_changed_ind_needed          0x0001da4d   Thumb Code    28  gatts_cache_manager.o(i.gscm_service_changed_ind_needed)
    gscm_service_changed_ind_send            0x0001da69   Thumb Code    32  gatts_cache_manager.o(i.gscm_service_changed_ind_send)
    im_address_resolve                       0x0001dab1   Thumb Code    64  id_manager.o(i.im_address_resolve)
    im_ble_addr_get                          0x0001daf1   Thumb Code    38  id_manager.o(i.im_ble_addr_get)
    im_ble_evt_handler                       0x0001db1d   Thumb Code   162  id_manager.o(i.im_ble_evt_handler)
    im_conn_handle_get                       0x0001dbc5   Thumb Code    34  id_manager.o(i.im_conn_handle_get)
    im_init                                  0x0001dbf1   Thumb Code    60  id_manager.o(i.im_init)
    im_is_duplicate_bonding_data             0x0001dc39   Thumb Code    56  id_manager.o(i.im_is_duplicate_bonding_data)
    im_master_id_is_valid                    0x0001dc71   Thumb Code    28  id_manager.o(i.im_master_id_is_valid)
    im_master_ids_compare                    0x0001dc8d   Thumb Code    44  id_manager.o(i.im_master_ids_compare)
    im_new_peer_id                           0x0001dcb9   Thumb Code     8  id_manager.o(i.im_new_peer_id)
    im_pdb_evt_handler                       0x0001dcc1   Thumb Code   110  id_manager.o(i.im_pdb_evt_handler)
    im_peer_free                             0x0001dd31   Thumb Code    38  id_manager.o(i.im_peer_free)
    im_peer_id_get_by_conn_handle            0x0001dd5d   Thumb Code    24  id_manager.o(i.im_peer_id_get_by_conn_handle)
    im_peer_id_get_by_master_id              0x0001dd7d   Thumb Code    62  id_manager.o(i.im_peer_id_get_by_master_id)
    intern_softdevice_events_execute         0x0001de81   Thumb Code   122  softdevice_handler.o(i.intern_softdevice_events_execute)
    is_valid_irk                             0x0001df65   Thumb Code    22  id_manager.o(i.is_valid_irk)
    main                                     0x0001e539   Thumb Code   292  main.o(i.main)
    new_connection                           0x0001e791   Thumb Code    80  id_manager.o(i.new_connection)
    next_id_get                              0x0001e7ed   Thumb Code    48  peer_id.o(i.next_id_get)
    nrf_drv_clock_init                       0x0001e861   Thumb Code    50  nrf_drv_clock.o(i.nrf_drv_clock_init)
    nrf_drv_clock_on_sd_enable               0x0001e89d   Thumb Code    46  nrf_drv_clock.o(i.nrf_drv_clock_on_sd_enable)
    nrf_drv_clock_on_soc_event               0x0001e8d1   Thumb Code    12  nrf_drv_clock.o(i.nrf_drv_clock_on_soc_event)
    nrf_drv_common_irq_enable                0x0001e8dd   Thumb Code    78  nrf_drv_common.o(i.nrf_drv_common_irq_enable)
    nrf_drv_gpiote_in_event_enable           0x0001e93d   Thumb Code   134  nrf_drv_gpiote.o(i.nrf_drv_gpiote_in_event_enable)
    nrf_drv_gpiote_in_init                   0x0001e9d5   Thumb Code   146  nrf_drv_gpiote.o(i.nrf_drv_gpiote_in_init)
    nrf_drv_gpiote_in_is_set                 0x0001ea79   Thumb Code    16  nrf_drv_gpiote.o(i.nrf_drv_gpiote_in_is_set)
    nrf_drv_gpiote_init                      0x0001ea8d   Thumb Code    84  nrf_drv_gpiote.o(i.nrf_drv_gpiote_init)
    nrf_drv_gpiote_is_init                   0x0001eae9   Thumb Code    12  nrf_drv_gpiote.o(i.nrf_drv_gpiote_is_init)
    pdb_init                                 0x0001ef8d   Thumb Code    62  peer_database.o(i.pdb_init)
    pdb_next_deleted_peer_id_get             0x0001efd9   Thumb Code     8  peer_database.o(i.pdb_next_deleted_peer_id_get)
    pdb_next_peer_id_get                     0x0001efe1   Thumb Code     8  peer_database.o(i.pdb_next_peer_id_get)
    pdb_pds_evt_handler                      0x0001efe9   Thumb Code   300  peer_database.o(i.pdb_pds_evt_handler)
    pdb_peer_allocate                        0x0001f11d   Thumb Code     8  peer_database.o(i.pdb_peer_allocate)
    pdb_peer_data_load                       0x0001f125   Thumb Code    16  peer_database.o(i.pdb_peer_data_load)
    pdb_peer_data_ptr_get                    0x0001f135   Thumb Code    10  peer_database.o(i.pdb_peer_data_ptr_get)
    pdb_peer_free                            0x0001f13f   Thumb Code    74  peer_database.o(i.pdb_peer_free)
    pdb_raw_store                            0x0001f189   Thumb Code    12  peer_database.o(i.pdb_raw_store)
    pdb_write_buf_get                        0x0001f195   Thumb Code   256  peer_database.o(i.pdb_write_buf_get)
    pdb_write_buf_release                    0x0001f29d   Thumb Code    42  peer_database.o(i.pdb_write_buf_release)
    pdb_write_buf_store                      0x0001f2c9   Thumb Code   190  peer_database.o(i.pdb_write_buf_store)
    pdb_write_buf_store_prepare              0x0001f391   Thumb Code    98  peer_database.o(i.pdb_write_buf_store_prepare)
    pds_init                                 0x0001f405   Thumb Code   100  peer_data_storage.o(i.pds_init)
    pds_next_deleted_peer_id_get             0x0001f475   Thumb Code     8  peer_data_storage.o(i.pds_next_deleted_peer_id_get)
    pds_next_peer_id_get                     0x0001f47d   Thumb Code     8  peer_data_storage.o(i.pds_next_peer_id_get)
    pds_peer_data_iterate                    0x0001f485   Thumb Code    80  peer_data_storage.o(i.pds_peer_data_iterate)
    pds_peer_data_iterate_prepare            0x0001f4d9   Thumb Code    10  peer_data_storage.o(i.pds_peer_data_iterate_prepare)
    pds_peer_data_read                       0x0001f4e9   Thumb Code   112  peer_data_storage.o(i.pds_peer_data_read)
    pds_peer_data_store                      0x0001f559   Thumb Code   170  peer_data_storage.o(i.pds_peer_data_store)
    pds_peer_id_allocate                     0x0001f605   Thumb Code    10  peer_data_storage.o(i.pds_peer_id_allocate)
    pds_peer_id_free                         0x0001f615   Thumb Code    22  peer_data_storage.o(i.pds_peer_id_free)
    pds_peer_id_is_allocated                 0x0001f62b   Thumb Code     8  peer_data_storage.o(i.pds_peer_id_is_allocated)
    pds_space_reserve                        0x0001f633   Thumb Code    48  peer_data_storage.o(i.pds_space_reserve)
    pds_space_reserve_cancel                 0x0001f663   Thumb Code    16  peer_data_storage.o(i.pds_space_reserve_cancel)
    peer_id_allocate                         0x0001f761   Thumb Code    10  peer_id.o(i.peer_id_allocate)
    peer_id_delete                           0x0001f771   Thumb Code    30  peer_id.o(i.peer_id_delete)
    peer_id_free                             0x0001f799   Thumb Code    22  peer_id.o(i.peer_id_free)
    peer_id_get_next_deleted                 0x0001f7b5   Thumb Code    10  peer_id.o(i.peer_id_get_next_deleted)
    peer_id_get_next_used                    0x0001f7c5   Thumb Code    42  peer_id.o(i.peer_id_get_next_used)
    peer_id_init                             0x0001f7f9   Thumb Code    34  peer_id.o(i.peer_id_init)
    peer_id_is_allocated                     0x0001f821   Thumb Code    20  peer_id.o(i.peer_id_is_allocated)
    peer_id_is_deleted                       0x0001f839   Thumb Code    20  peer_id.o(i.peer_id_is_deleted)
    pm_buffer_block_acquire                  0x0001f921   Thumb Code    94  pm_buffer.o(i.pm_buffer_block_acquire)
    pm_buffer_init                           0x0001f97f   Thumb Code    66  pm_buffer.o(i.pm_buffer_init)
    pm_buffer_ptr_get                        0x0001f9c1   Thumb Code    46  pm_buffer.o(i.pm_buffer_ptr_get)
    pm_buffer_release                        0x0001f9ef   Thumb Code    42  pm_buffer.o(i.pm_buffer_release)
    pm_conn_sec_config_reply                 0x0001fa19   Thumb Code     8  peer_manager.o(i.pm_conn_sec_config_reply)
    pm_conn_secure                           0x0001fa21   Thumb Code    20  peer_manager.o(i.pm_conn_secure)
    pm_gcm_evt_handler                       0x0001fab5   Thumb Code   128  peer_manager.o(i.pm_gcm_evt_handler)
    pm_im_evt_handler                        0x0001fb35   Thumb Code    74  peer_manager.o(i.pm_im_evt_handler)
    pm_init                                  0x0001fb85   Thumb Code   108  peer_manager.o(i.pm_init)
    pm_local_database_has_changed            0x0001fbf5   Thumb Code    16  peer_manager.o(i.pm_local_database_has_changed)
    pm_mutex_init                            0x0001fc09   Thumb Code    16  pm_mutex.o(i.pm_mutex_init)
    pm_mutex_lock                            0x0001fc19   Thumb Code    28  pm_mutex.o(i.pm_mutex_lock)
    pm_mutex_lock_first_available            0x0001fc35   Thumb Code    52  pm_mutex.o(i.pm_mutex_lock_first_available)
    pm_mutex_lock_status_get                 0x0001fc69   Thumb Code    24  pm_mutex.o(i.pm_mutex_lock_status_get)
    pm_mutex_unlock                          0x0001fc81   Thumb Code    54  pm_mutex.o(i.pm_mutex_unlock)
    pm_on_ble_evt                            0x0001fcb9   Thumb Code    32  peer_manager.o(i.pm_on_ble_evt)
    pm_pdb_evt_handler                       0x0001fcdd   Thumb Code   306  peer_manager.o(i.pm_pdb_evt_handler)
    pm_peer_delete                           0x0001fe19   Thumb Code    20  peer_manager.o(i.pm_peer_delete)
    pm_peer_rank_highest                     0x0001fe31   Thumb Code   182  peer_manager.o(i.pm_peer_rank_highest)
    pm_peer_ranks_get                        0x0001fef1   Thumb Code   164  peer_manager.o(i.pm_peer_ranks_get)
    pm_peers_delete                          0x0001ffa1   Thumb Code    52  peer_manager.o(i.pm_peers_delete)
    pm_register                              0x0001ffdd   Thumb Code    38  peer_manager.o(i.pm_register)
    pm_sec_params_set                        0x0002000d   Thumb Code    20  peer_manager.o(i.pm_sec_params_set)
    pm_sm_evt_handler                        0x00020025   Thumb Code   324  peer_manager.o(i.pm_sm_evt_handler)
    sdk_mapped_flags_bulk_update_by_key      0x00020665   Thumb Code    70  sdk_mapped_flags.o(i.sdk_mapped_flags_bulk_update_by_key)
    sdk_mapped_flags_first_key_index_get     0x000206ad   Thumb Code    34  sdk_mapped_flags.o(i.sdk_mapped_flags_first_key_index_get)
    sdk_mapped_flags_get_by_key              0x000206e5   Thumb Code    38  sdk_mapped_flags.o(i.sdk_mapped_flags_get_by_key)
    sdk_mapped_flags_key_list_get            0x0002070b   Thumb Code    70  sdk_mapped_flags.o(i.sdk_mapped_flags_key_list_get)
    sdk_mapped_flags_update_by_key           0x00020751   Thumb Code    14  sdk_mapped_flags.o(i.sdk_mapped_flags_update_by_key)
    sm_ble_evt_handler                       0x00020bd5   Thumb Code    16  security_manager.o(i.sm_ble_evt_handler)
    sm_conn_sec_config_reply                 0x00020be9   Thumb Code    24  security_manager.o(i.sm_conn_sec_config_reply)
    sm_init                                  0x00020c05   Thumb Code    76  security_manager.o(i.sm_init)
    sm_link_secure                           0x00020c55   Thumb Code    14  security_manager.o(i.sm_link_secure)
    sm_pdb_evt_handler                       0x00020c65   Thumb Code    48  security_manager.o(i.sm_pdb_evt_handler)
    sm_sec_params_set                        0x00020c99   Thumb Code    44  security_manager.o(i.sm_sec_params_set)
    sm_smd_evt_handler                       0x00020cc9   Thumb Code   118  security_manager.o(i.sm_smd_evt_handler)
    smd_ble_evt_handler                      0x00020d45   Thumb Code   214  security_dispatcher.o(i.smd_ble_evt_handler)
    smd_init                                 0x00020e29   Thumb Code    56  security_dispatcher.o(i.smd_init)
    smd_link_secure                          0x00020e65   Thumb Code    44  security_dispatcher.o(i.smd_link_secure)
    smd_params_reply                         0x00020e95   Thumb Code   260  security_dispatcher.o(i.smd_params_reply)
    smd_pdb_evt_handler                      0x0002102d   Thumb Code    46  security_dispatcher.o(i.smd_pdb_evt_handler)
    softdevice_ble_evt_handler_set           0x00021061   Thumb Code    16  softdevice_handler.o(i.softdevice_ble_evt_handler_set)
    softdevice_enable                        0x00021075   Thumb Code    14  softdevice_handler.o(i.softdevice_enable)
    softdevice_enable_get_default_config     0x00021089   Thumb Code    40  softdevice_handler.o(i.softdevice_enable_get_default_config)
    softdevice_fault_handler                 0x000210b1   Thumb Code     8  softdevice_handler.o(i.softdevice_fault_handler)
    softdevice_handler_init                  0x000210b9   Thumb Code    74  softdevice_handler.o(i.softdevice_handler_init)
    softdevice_handler_is_enabled            0x00021111   Thumb Code     6  softdevice_handler.o(i.softdevice_handler_is_enabled)
    softdevice_sys_evt_handler_set           0x0002111d   Thumb Code    16  softdevice_handler.o(i.softdevice_sys_evt_handler_set)
    Region$$Table$$Base                      0x000219f4   Number         0  anon$$obj.o(Region$$Table)
    Region$$Table$$Limit                     0x00021a14   Number         0  anon$$obj.o(Region$$Table)
    Image$$RW_IRAM1$$Base                    0x20001fe8   Number         0  anon$$obj.o ABSOLUTE
    nrf_nvic_state                           0x200020f0   Data           8  app_util_platform.o(.data)
    SystemCoreClock                          0x20002128   Data           4  system_nrf51.o(.data)
    fs_data$$Base                            0x2000212c   Number         0  fds.o(fs_data)
    fs_data$$Limit                           0x2000213c   Number         0  fds.o(fs_data)
    __initial_sp                             0x200032c8   Data           0  arm_startup_nrf51.o(STACK)



==============================================================================

Memory Map of the image

  Image Entry point : 0x0001b0c1

  Load Region LR_IROM1 (Base: 0x0001b000, Size: 0x00006b68, Max: 0x00025000, ABSOLUTE, COMPRESSED[0x00006a44])

    Execution Region ER_IROM1 (Base: 0x0001b000, Size: 0x00006a14, Max: 0x00025000, ABSOLUTE)

    Base Addr    Size         Type   Attr      Idx    E Section Name        Object

    0x0001b000   0x000000c0   Data   RO         4013    RESET               arm_startup_nrf51.o
    0x0001b0c0   0x00000000   Code   RO         4055  * .ARM.Collect$$$$00000000  mc_p.l(entry.o)
    0x0001b0c0   0x00000004   Code   RO         4072    .ARM.Collect$$$$00000001  mc_p.l(entry2.o)
    0x0001b0c4   0x00000004   Code   RO         4075    .ARM.Collect$$$$00000004  mc_p.l(entry5.o)
    0x0001b0c8   0x00000000   Code   RO         4077    .ARM.Collect$$$$00000008  mc_p.l(entry7b.o)
    0x0001b0c8   0x00000000   Code   RO         4079    .ARM.Collect$$$$0000000A  mc_p.l(entry8b.o)
    0x0001b0c8   0x00000008   Code   RO         4080    .ARM.Collect$$$$0000000B  mc_p.l(entry9a.o)
    0x0001b0d0   0x00000000   Code   RO         4082    .ARM.Collect$$$$0000000D  mc_p.l(entry10a.o)
    0x0001b0d0   0x00000000   Code   RO         4084    .ARM.Collect$$$$0000000F  mc_p.l(entry11a.o)
    0x0001b0d0   0x00000004   Code   RO         4073    .ARM.Collect$$$$00002712  mc_p.l(entry2.o)
    0x0001b0d4   0x00000038   Code   RO         4014    .text               arm_startup_nrf51.o
    0x0001b10c   0x0000002c   Code   RO         4058    .text               mc_p.l(uidiv.o)
    0x0001b138   0x00000024   Code   RO         4060    .text               mc_p.l(memcpya.o)
    0x0001b15c   0x00000024   Code   RO         4062    .text               mc_p.l(memseta.o)
    0x0001b180   0x0000001a   Code   RO         4066    .text               mc_p.l(memcmp.o)
    0x0001b19a   0x00000002   PAD
    0x0001b19c   0x00000024   Code   RO         4086    .text               mc_p.l(init.o)
    0x0001b1c0   0x00000056   Code   RO         4096    .text               mc_p.l(__dczerorl2.o)
    0x0001b216   0x00000002   PAD
    0x0001b218   0x00000150   Code   RO         2453    i.GPIOTE_IRQHandler  nrf_drv_gpiote.o
    0x0001b368   0x00000044   Code   RO         3010    i.NVIC_SetPriority  app_timer.o
    0x0001b3ac   0x00000054   Code   RO         2276    i.POWER_CLOCK_IRQHandler  nrf_drv_clock.o
    0x0001b400   0x00000020   Code   RO         3011    i.RTC1_IRQHandler   app_timer.o
    0x0001b420   0x00000008   Code   RO         3012    i.SWI0_IRQHandler   app_timer.o
    0x0001b428   0x00000020   Code   RO         3886    i.SWI2_IRQHandler   softdevice_handler.o
    0x0001b448   0x000000a0   Code   RO         4021    i.SystemInit        system_nrf51.o
    0x0001b4e8   0x00000014   Code   RO         2654    i.UART0_IRQHandler  nrf_drv_uart.o
    0x0001b4fc   0x0000001a   Code   RO           84    i.__ARM_common_switch8  main.o
    0x0001b516   0x0000000e   Code   RO         4090    i.__scatterload_copy  mc_p.l(handlers.o)
    0x0001b524   0x00000002   Code   RO         4091    i.__scatterload_null  mc_p.l(handlers.o)
    0x0001b526   0x0000000e   Code   RO         4092    i.__scatterload_zeroinit  mc_p.l(handlers.o)
    0x0001b534   0x0000001c   Code   RO         3887    i.__sd_nvic_app_accessible_irq  softdevice_handler.o
    0x0001b550   0x00000028   Code   RO         1075    i.addr_compare      id_manager.o
    0x0001b578   0x0000018e   Code   RO          474    i.adv_data_encode   ble_advdata.o
    0x0001b706   0x00000002   PAD
    0x0001b708   0x00000068   Code   RO          550    i.adv_mode_next_avail_get  ble_advertising.o
    0x0001b770   0x0000003c   Code   RO          435    i.advertising_buttons_configure  bsp_btn_ble.o
    0x0001b7ac   0x0000004e   Code   RO         1077    i.ah                id_manager.o
    0x0001b7fa   0x00000002   PAD
    0x0001b7fc   0x00000018   Code   RO          322    i.alert_timer_handler  bsp.o
    0x0001b814   0x00000024   Code   RO         2819    i.app_button_enable  app_button.o
    0x0001b838   0x00000074   Code   RO         2820    i.app_button_init   app_button.o
    0x0001b8ac   0x0000001c   Code   RO         2915    i.app_error_fault_handler  app_error_weak.o
    0x0001b8c8   0x00000018   Code   RO         2880    i.app_error_handler_bare  app_error.o
    0x0001b8e0   0x0000002c   Code   RO         3015    i.app_timer_create  app_timer.o
    0x0001b90c   0x00000074   Code   RO         3016    i.app_timer_init    app_timer.o
    0x0001b980   0x00000088   Code   RO         3017    i.app_timer_start   app_timer.o
    0x0001ba08   0x00000028   Code   RO         3018    i.app_timer_stop    app_timer.o
    0x0001ba30   0x0000003c   Code   RO         3158    i.app_util_critical_region_enter  app_util_platform.o
    0x0001ba6c   0x0000002c   Code   RO         3159    i.app_util_critical_region_exit  app_util_platform.o
    0x0001ba98   0x000000a0   Code   RO         2043    i.auth_status_success_process  security_dispatcher.o
    0x0001bb38   0x00000068   Code   RO          475    i.ble_advdata_set   ble_advdata.o
    0x0001bba0   0x0000015c   Code   RO          551    i.ble_advertising_init  ble_advertising.o
    0x0001bcfc   0x00000058   Code   RO          552    i.ble_advertising_on_ble_evt  ble_advertising.o
    0x0001bd54   0x00000030   Code   RO          553    i.ble_advertising_on_sys_evt  ble_advertising.o
    0x0001bd84   0x0000003c   Code   RO          555    i.ble_advertising_restart_without_whitelist  ble_advertising.o
    0x0001bdc0   0x00000108   Code   RO          556    i.ble_advertising_start  ble_advertising.o
    0x0001bec8   0x00000054   Code   RO          638    i.ble_conn_params_init  ble_conn_params.o
    0x0001bf1c   0x00000090   Code   RO          639    i.ble_conn_params_on_ble_evt  ble_conn_params.o
    0x0001bfac   0x00000014   Code   RO          704    i.ble_conn_state_conn_handles  ble_conn_state.o
    0x0001bfc0   0x00000014   Code   RO          705    i.ble_conn_state_encrypted  ble_conn_state.o
    0x0001bfd4   0x00000014   Code   RO          707    i.ble_conn_state_mitm_protected  ble_conn_state.o
    0x0001bfe8   0x000000f8   Code   RO          711    i.ble_conn_state_on_ble_evt  ble_conn_state.o
    0x0001c0e0   0x00000034   Code   RO          713    i.ble_conn_state_role  ble_conn_state.o
    0x0001c114   0x00000030   Code   RO          715    i.ble_conn_state_user_flag_acquire  ble_conn_state.o
    0x0001c144   0x00000018   Code   RO          716    i.ble_conn_state_user_flag_collection  ble_conn_state.o
    0x0001c15c   0x00000024   Code   RO          717    i.ble_conn_state_user_flag_get  ble_conn_state.o
    0x0001c180   0x00000028   Code   RO          718    i.ble_conn_state_user_flag_set  ble_conn_state.o
    0x0001c1a8   0x0000005e   Code   RO          476    i.ble_device_addr_encode  ble_advdata.o
    0x0001c206   0x00000028   Code   RO            4    i.ble_evt_dispatch  main.o
    0x0001c22e   0x0000000e   Code   RO          833    i.ble_srv_is_notification_enabled  ble_srv_common.o
    0x0001c23c   0x00000070   Code   RO            5    i.ble_stack_init    main.o
    0x0001c2ac   0x00000054   Code   RO          436    i.bsp_btn_ble_init  bsp_btn_ble.o
    0x0001c300   0x00000078   Code   RO          437    i.bsp_btn_ble_on_ble_evt  bsp_btn_ble.o
    0x0001c378   0x00000014   Code   RO          438    i.bsp_btn_ble_sleep_mode_prepare  bsp_btn_ble.o
    0x0001c38c   0x000000a0   Code   RO          323    i.bsp_button_event_handler  bsp.o
    0x0001c42c   0x0000002c   Code   RO          324    i.bsp_button_is_pressed  bsp.o
    0x0001c458   0x00000044   Code   RO            6    i.bsp_event_handler  main.o
    0x0001c49c   0x00000048   Code   RO          328    i.bsp_event_to_button_action_assign  bsp.o
    0x0001c4e4   0x0000001c   Code   RO          329    i.bsp_indication_set  bsp.o
    0x0001c500   0x000000a0   Code   RO          331    i.bsp_init          bsp.o
    0x0001c5a0   0x000001f8   Code   RO          332    i.bsp_led_indication  bsp.o
    0x0001c798   0x0000003c   Code   RO          333    i.bsp_wakeup_buttons_set  bsp.o
    0x0001c7d4   0x0000000c   Code   RO          335    i.button_timer_handler  bsp.o
    0x0001c7e0   0x0000001c   Code   RO         2454    i.channel_free      nrf_drv_gpiote.o
    0x0001c7fc   0x00000048   Code   RO         2455    i.channel_port_alloc  nrf_drv_gpiote.o
    0x0001c844   0x00000010   Code   RO         2456    i.channel_port_get  nrf_drv_gpiote.o
    0x0001c854   0x00000020   Code   RO         3522    i.check_config      fstorage.o
    0x0001c874   0x00000018   Code   RO         3220    i.chunk_queue_next  fds.o
    0x0001c88c   0x0000003c   Code   RO         1612    i.claim             peer_id.o
    0x0001c8c8   0x00000028   Code   RO         2277    i.clock_clk_started_notify  nrf_drv_clock.o
    0x0001c8f0   0x000000a8   Code   RO         3020    i.compare_reg_update  app_timer.o
    0x0001c998   0x00000088   Code   RO          477    i.conn_int_encode   ble_advdata.o
    0x0001ca20   0x00000008   Code   RO            7    i.conn_params_error_handler  main.o
    0x0001ca28   0x00000068   Code   RO          641    i.conn_params_negotiation  ble_conn_params.o
    0x0001ca90   0x000000a4   Code   RO         3221    i.delete_execute    fds.o
    0x0001cb34   0x00000060   Code   RO         2822    i.detection_delay_timeout_handler  app_button.o
    0x0001cb94   0x00000040   Code   RO         3021    i.elapsed_ticks_acquire  app_timer.o
    0x0001cbd4   0x00000030   Code   RO         2044    i.encryption_failure  security_dispatcher.o
    0x0001cc04   0x0000006a   Code   RO         3222    i.event_prepare     fds.o
    0x0001cc6e   0x00000002   PAD
    0x0001cc70   0x00000020   Code   RO         3223    i.event_send        fds.o
    0x0001cc90   0x00000032   Code   RO         2154    i.events_send_from_err_code  security_manager.o
    0x0001ccc2   0x00000002   PAD
    0x0001ccc4   0x0000000c   Code   RO          886    i.evt_send          gatt_cache_manager.o
    0x0001ccd0   0x0000001c   Code   RO         1078    i.evt_send          id_manager.o
    0x0001ccec   0x00000028   Code   RO         1698    i.evt_send          peer_manager.o
    0x0001cd14   0x0000001c   Code   RO         2045    i.evt_send          security_dispatcher.o
    0x0001cd30   0x0000000c   Code   RO         2155    i.evt_send          security_manager.o
    0x0001cd3c   0x0000011c   Code   RO         1298    i.fds_evt_handler   peer_data_storage.o
    0x0001ce58   0x0000004c   Code   RO         3225    i.fds_file_delete   fds.o
    0x0001cea4   0x00000048   Code   RO         3226    i.fds_gc            fds.o
    0x0001ceec   0x0000008c   Code   RO         3227    i.fds_init          fds.o
    0x0001cf78   0x00000040   Code   RO         3228    i.fds_record_close  fds.o
    0x0001cfb8   0x0000000e   Code   RO         3230    i.fds_record_find   fds.o
    0x0001cfc6   0x00000010   Code   RO         3231    i.fds_record_find_by_key  fds.o
    0x0001cfd6   0x00000010   Code   RO         3232    i.fds_record_find_in_file  fds.o
    0x0001cfe6   0x00000014   Code   RO         3233    i.fds_record_id_from_desc  fds.o
    0x0001cffa   0x00000002   PAD
    0x0001cffc   0x00000044   Code   RO         3235    i.fds_record_open   fds.o
    0x0001d040   0x00000014   Code   RO         3236    i.fds_record_update  fds.o
    0x0001d054   0x0000000c   Code   RO         3237    i.fds_record_write  fds.o
    0x0001d060   0x00000012   Code   RO         3238    i.fds_record_write_reserved  fds.o
    0x0001d072   0x00000002   PAD
    0x0001d074   0x00000024   Code   RO         3239    i.fds_register      fds.o
    0x0001d098   0x00000034   Code   RO         3240    i.fds_reserve       fds.o
    0x0001d0cc   0x00000048   Code   RO         3241    i.fds_reserve_cancel  fds.o
    0x0001d114   0x0000000a   Code   RO         1299    i.file_id_to_peer_id  peer_data_storage.o
    0x0001d11e   0x00000002   PAD
    0x0001d120   0x00000018   Code   RO         1300    i.file_id_within_pm_range  peer_data_storage.o
    0x0001d138   0x00000010   Code   RO         3243    i.flag_clear        fds.o
    0x0001d148   0x00000012   Code   RO         2046    i.flag_id_init      security_dispatcher.o
    0x0001d15a   0x00000012   Code   RO         2156    i.flag_id_init      security_manager.o
    0x0001d16c   0x00000010   Code   RO         3244    i.flag_set          fds.o
    0x0001d17c   0x0000005c   Code   RO         2157    i.flags_set_from_err_code  security_manager.o
    0x0001d1d8   0x0000007c   Code   RO         3523    i.fs_erase          fstorage.o
    0x0001d254   0x0000000a   Code   RO         3245    i.fs_event_handler  fds.o
    0x0001d25e   0x00000002   PAD
    0x0001d260   0x000000ac   Code   RO         3525    i.fs_init           fstorage.o
    0x0001d30c   0x00000018   Code   RO         3526    i.fs_queued_op_count_get  fstorage.o
    0x0001d324   0x00000084   Code   RO         3527    i.fs_store          fstorage.o
    0x0001d3a8   0x00000068   Code   RO         3528    i.fs_sys_event_handler  fstorage.o
    0x0001d410   0x00000068   Code   RO         3246    i.gc_execute        fds.o
    0x0001d478   0x0000004c   Code   RO         3247    i.gc_next_page      fds.o
    0x0001d4c4   0x0000004c   Code   RO         3248    i.gc_page_erase     fds.o
    0x0001d510   0x00000034   Code   RO         3249    i.gc_record_copy    fds.o
    0x0001d544   0x00000020   Code   RO         3250    i.gc_record_find_next  fds.o
    0x0001d564   0x00000080   Code   RO         3251    i.gc_state_advance  fds.o
    0x0001d5e4   0x000000f0   Code   RO          887    i.gcm_ble_evt_handler  gatt_cache_manager.o
    0x0001d6d4   0x00000068   Code   RO          888    i.gcm_gscm_evt_handler  gatt_cache_manager.o
    0x0001d73c   0x0000002c   Code   RO          889    i.gcm_im_evt_handler  gatt_cache_manager.o
    0x0001d768   0x00000048   Code   RO          890    i.gcm_init          gatt_cache_manager.o
    0x0001d7b0   0x0000004c   Code   RO          891    i.gcm_local_database_has_changed  gatt_cache_manager.o
    0x0001d7fc   0x00000010   Code   RO          894    i.gcm_smd_evt_handler  gatt_cache_manager.o
    0x0001d80c   0x00000038   Code   RO         1079    i.get_connection_by_conn_handle  id_manager.o
    0x0001d844   0x00000030   Code   RO         1080    i.get_free_connection  id_manager.o
    0x0001d874   0x00000050   Code   RO         2823    i.gpiote_event_handler  app_button.o
    0x0001d8c4   0x0000001c   Code   RO          994    i.gscm_db_change_notification_done  gatts_cache_manager.o
    0x0001d8e0   0x00000014   Code   RO          995    i.gscm_init         gatts_cache_manager.o
    0x0001d8f4   0x0000001c   Code   RO          996    i.gscm_local_database_has_changed  gatts_cache_manager.o
    0x0001d910   0x0000006c   Code   RO          997    i.gscm_local_db_cache_apply  gatts_cache_manager.o
    0x0001d97c   0x00000084   Code   RO          999    i.gscm_local_db_cache_update  gatts_cache_manager.o
    0x0001da00   0x0000004c   Code   RO         1000    i.gscm_pdb_evt_handler  gatts_cache_manager.o
    0x0001da4c   0x0000001c   Code   RO         1001    i.gscm_service_changed_ind_needed  gatts_cache_manager.o
    0x0001da68   0x0000002c   Code   RO         1002    i.gscm_service_changed_ind_send  gatts_cache_manager.o
    0x0001da94   0x0000001c   Code   RO         3252    i.header_is_valid   fds.o
    0x0001dab0   0x00000040   Code   RO         1081    i.im_address_resolve  id_manager.o
    0x0001daf0   0x0000002c   Code   RO         1082    i.im_ble_addr_get   id_manager.o
    0x0001db1c   0x000000a8   Code   RO         1083    i.im_ble_evt_handler  id_manager.o
    0x0001dbc4   0x0000002c   Code   RO         1084    i.im_conn_handle_get  id_manager.o
    0x0001dbf0   0x00000048   Code   RO         1088    i.im_init           id_manager.o
    0x0001dc38   0x00000038   Code   RO         1089    i.im_is_duplicate_bonding_data  id_manager.o
    0x0001dc70   0x0000001c   Code   RO         1090    i.im_master_id_is_valid  id_manager.o
    0x0001dc8c   0x0000002c   Code   RO         1091    i.im_master_ids_compare  id_manager.o
    0x0001dcb8   0x00000008   Code   RO         1092    i.im_new_peer_id    id_manager.o
    0x0001dcc0   0x0000006e   Code   RO         1093    i.im_pdb_evt_handler  id_manager.o
    0x0001dd2e   0x00000002   PAD
    0x0001dd30   0x0000002c   Code   RO         1094    i.im_peer_free      id_manager.o
    0x0001dd5c   0x00000020   Code   RO         1095    i.im_peer_id_get_by_conn_handle  id_manager.o
    0x0001dd7c   0x00000044   Code   RO         1096    i.im_peer_id_get_by_master_id  id_manager.o
    0x0001ddc0   0x000000c0   Code   RO         3253    i.init_execute      fds.o
    0x0001de80   0x00000080   Code   RO         3888    i.intern_softdevice_events_execute  softdevice_handler.o
    0x0001df00   0x0000001c   Code   RO          642    i.is_conn_params_ok  ble_conn_params.o
    0x0001df1c   0x00000048   Code   RO         4022    i.is_manual_peripheral_setup_needed  system_nrf51.o
    0x0001df64   0x00000016   Code   RO         1101    i.is_valid_irk      id_manager.o
    0x0001df7a   0x0000000c   Code   RO         3254    i.is_word_aligned   fds.o
    0x0001df86   0x00000002   PAD
    0x0001df88   0x00000018   Code   RO          336    i.leds_timer_handler  bsp.o
    0x0001dfa0   0x0000009c   Code   RO         2158    i.link_secure       security_manager.o
    0x0001e03c   0x00000088   Code   RO         2047    i.link_secure_central  security_dispatcher.o
    0x0001e0c4   0x000000c6   Code   RO         2048    i.link_secure_central_existing_peer  security_dispatcher.o
    0x0001e18a   0x00000002   PAD
    0x0001e18c   0x00000074   Code   RO         2049    i.link_secure_central_new_peer  security_dispatcher.o
    0x0001e200   0x00000050   Code   RO         2050    i.link_secure_failure  security_dispatcher.o
    0x0001e250   0x0000005c   Code   RO         2159    i.link_secure_pending_process  security_manager.o
    0x0001e2ac   0x000000ac   Code   RO         3022    i.list_deletions_handler  app_timer.o
    0x0001e358   0x000000bc   Code   RO         3023    i.list_insertions_handler  app_timer.o
    0x0001e414   0x00000078   Code   RO          895    i.local_db_apply_in_evt  gatt_cache_manager.o
    0x0001e48c   0x00000078   Code   RO          896    i.local_db_update_in_evt  gatt_cache_manager.o
    0x0001e504   0x00000032   Code   RO         1994    i.lock_by_mask      pm_mutex.o
    0x0001e536   0x00000002   PAD
    0x0001e538   0x00000150   Code   RO            8    i.main              main.o
    0x0001e688   0x00000068   Code   RO          478    i.manuf_specific_data_encode  ble_advdata.o
    0x0001e6f0   0x0000009e   Code   RO          479    i.name_encode       ble_advdata.o
    0x0001e78e   0x00000002   PAD
    0x0001e790   0x0000005c   Code   RO         1102    i.new_connection    id_manager.o
    0x0001e7ec   0x00000034   Code   RO         1613    i.next_id_get       peer_id.o
    0x0001e820   0x00000010   Code   RO         2281    i.nrf_clock_event_check  nrf_drv_clock.o
    0x0001e830   0x00000030   Code   RO         3024    i.nrf_delay_us      app_timer.o
    0x0001e860   0x0000003c   Code   RO         2288    i.nrf_drv_clock_init  nrf_drv_clock.o
    0x0001e89c   0x00000034   Code   RO         2294    i.nrf_drv_clock_on_sd_enable  nrf_drv_clock.o
    0x0001e8d0   0x0000000c   Code   RO         2295    i.nrf_drv_clock_on_soc_event  nrf_drv_clock.o
    0x0001e8dc   0x00000060   Code   RO         2427    i.nrf_drv_common_irq_enable  nrf_drv_common.o
    0x0001e93c   0x00000098   Code   RO         2459    i.nrf_drv_gpiote_in_event_enable  nrf_drv_gpiote.o
    0x0001e9d4   0x000000a4   Code   RO         2460    i.nrf_drv_gpiote_in_init  nrf_drv_gpiote.o
    0x0001ea78   0x00000014   Code   RO         2461    i.nrf_drv_gpiote_in_is_set  nrf_drv_gpiote.o
    0x0001ea8c   0x0000005c   Code   RO         2463    i.nrf_drv_gpiote_init  nrf_drv_gpiote.o
    0x0001eae8   0x00000010   Code   RO         2464    i.nrf_drv_gpiote_is_init  nrf_drv_gpiote.o
    0x0001eaf8   0x00000024   Code   RO         2476    i.nrf_gpio_cfg      nrf_drv_gpiote.o
    0x0001eb1c   0x00000020   Code   RO         2478    i.nrf_gpio_cfg_sense_set  nrf_drv_gpiote.o
    0x0001eb3c   0x00000010   Code   RO         2479    i.nrf_gpiote_event_clear  nrf_drv_gpiote.o
    0x0001eb4c   0x00000014   Code   RO         2480    i.nrf_gpiote_event_is_set  nrf_drv_gpiote.o
    0x0001eb60   0x0000000a   Code   RO         2671    i.nrf_uart_event_check  nrf_drv_uart.o
    0x0001eb6a   0x00000010   Code   RO         2672    i.nrf_uart_int_enable_check  nrf_drv_uart.o
    0x0001eb7a   0x00000020   Code   RO            9    i.on_adv_evt        main.o
    0x0001eb9a   0x00000002   PAD
    0x0001eb9c   0x000000a4   Code   RO           10    i.on_ble_evt        main.o
    0x0001ec40   0x00000020   Code   RO           11    i.on_conn_params_evt  main.o
    0x0001ec60   0x00000054   Code   RO         3529    i.on_operation_success  fstorage.o
    0x0001ecb4   0x00000078   Code   RO         3255    i.op_enqueue        fds.o
    0x0001ed2c   0x00000012   Code   RO         3256    i.page_offsets_update  fds.o
    0x0001ed3e   0x00000002   PAD
    0x0001ed40   0x00000058   Code   RO         3257    i.page_scan         fds.o
    0x0001ed98   0x0000001c   Code   RO         3258    i.page_tag_write_data  fds.o
    0x0001edb4   0x00000024   Code   RO         3259    i.page_tag_write_swap  fds.o
    0x0001edd8   0x000000f0   Code   RO         3260    i.pages_init        fds.o
    0x0001eec8   0x0000006c   Code   RO         2051    i.pairing_failure   security_dispatcher.o
    0x0001ef34   0x0000003c   Code   RO         2160    i.params_reply_pending_process  security_manager.o
    0x0001ef70   0x0000001c   Code   RO         1453    i.pdb_evt_send      peer_database.o
    0x0001ef8c   0x0000004c   Code   RO         1454    i.pdb_init          peer_database.o
    0x0001efd8   0x00000008   Code   RO         1456    i.pdb_next_deleted_peer_id_get  peer_database.o
    0x0001efe0   0x00000008   Code   RO         1457    i.pdb_next_peer_id_get  peer_database.o
    0x0001efe8   0x00000134   Code   RO         1458    i.pdb_pds_evt_handler  peer_database.o
    0x0001f11c   0x00000008   Code   RO         1459    i.pdb_peer_allocate  peer_database.o
    0x0001f124   0x00000010   Code   RO         1460    i.pdb_peer_data_load  peer_database.o
    0x0001f134   0x0000000a   Code   RO         1461    i.pdb_peer_data_ptr_get  peer_database.o
    0x0001f13e   0x0000004a   Code   RO         1462    i.pdb_peer_free     peer_database.o
    0x0001f188   0x0000000c   Code   RO         1463    i.pdb_raw_store     peer_database.o
    0x0001f194   0x00000108   Code   RO         1464    i.pdb_write_buf_get  peer_database.o
    0x0001f29c   0x0000002a   Code   RO         1465    i.pdb_write_buf_release  peer_database.o
    0x0001f2c6   0x00000002   PAD
    0x0001f2c8   0x000000c8   Code   RO         1466    i.pdb_write_buf_store  peer_database.o
    0x0001f390   0x00000068   Code   RO         1467    i.pdb_write_buf_store_prepare  peer_database.o
    0x0001f3f8   0x0000000c   Code   RO         1301    i.pds_evt_send      peer_data_storage.o
    0x0001f404   0x00000070   Code   RO         1302    i.pds_init          peer_data_storage.o
    0x0001f474   0x00000008   Code   RO         1303    i.pds_next_deleted_peer_id_get  peer_data_storage.o
    0x0001f47c   0x00000008   Code   RO         1304    i.pds_next_peer_id_get  peer_data_storage.o
    0x0001f484   0x00000054   Code   RO         1307    i.pds_peer_data_iterate  peer_data_storage.o
    0x0001f4d8   0x00000010   Code   RO         1308    i.pds_peer_data_iterate_prepare  peer_data_storage.o
    0x0001f4e8   0x00000070   Code   RO         1309    i.pds_peer_data_read  peer_data_storage.o
    0x0001f558   0x000000aa   Code   RO         1310    i.pds_peer_data_store  peer_data_storage.o
    0x0001f602   0x00000002   PAD
    0x0001f604   0x00000010   Code   RO         1311    i.pds_peer_id_allocate  peer_data_storage.o
    0x0001f614   0x00000016   Code   RO         1312    i.pds_peer_id_free  peer_data_storage.o
    0x0001f62a   0x00000008   Code   RO         1313    i.pds_peer_id_is_allocated  peer_data_storage.o
    0x0001f632   0x00000030   Code   RO         1314    i.pds_space_reserve  peer_data_storage.o
    0x0001f662   0x00000010   Code   RO         1315    i.pds_space_reserve_cancel  peer_data_storage.o
    0x0001f672   0x0000000a   Code   RO         1468    i.peer_data_const_point_to_buffer  peer_database.o
    0x0001f67c   0x00000080   Code   RO         1316    i.peer_data_delete  peer_data_storage.o
    0x0001f6fc   0x00000030   Code   RO         1317    i.peer_data_find    peer_data_storage.o
    0x0001f72c   0x00000020   Code   RO         1318    i.peer_data_id_is_valid  peer_data_storage.o
    0x0001f74c   0x00000014   Code   RO         1469    i.peer_data_point_to_buffer  peer_database.o
    0x0001f760   0x00000010   Code   RO         1614    i.peer_id_allocate  peer_id.o
    0x0001f770   0x00000028   Code   RO         1615    i.peer_id_delete    peer_id.o
    0x0001f798   0x0000001c   Code   RO         1616    i.peer_id_free      peer_id.o
    0x0001f7b4   0x00000010   Code   RO         1617    i.peer_id_get_next_deleted  peer_id.o
    0x0001f7c4   0x00000034   Code   RO         1618    i.peer_id_get_next_used  peer_id.o
    0x0001f7f8   0x00000028   Code   RO         1619    i.peer_id_init      peer_id.o
    0x0001f820   0x00000018   Code   RO         1620    i.peer_id_is_allocated  peer_id.o
    0x0001f838   0x00000018   Code   RO         1621    i.peer_id_is_deleted  peer_id.o
    0x0001f850   0x0000001c   Code   RO         1103    i.peer_id_set       id_manager.o
    0x0001f86c   0x0000000a   Code   RO         1319    i.peer_id_to_file_id  peer_data_storage.o
    0x0001f876   0x00000002   PAD
    0x0001f878   0x00000078   Code   RO           12    i.peer_manager_init  main.o
    0x0001f8f0   0x00000018   Code   RO         2481    i.pin_in_use_by_port  nrf_drv_gpiote.o
    0x0001f908   0x00000018   Code   RO         2482    i.pin_in_use_by_te  nrf_drv_gpiote.o
    0x0001f920   0x0000005e   Code   RO         1962    i.pm_buffer_block_acquire  pm_buffer.o
    0x0001f97e   0x00000042   Code   RO         1963    i.pm_buffer_init    pm_buffer.o
    0x0001f9c0   0x0000002e   Code   RO         1964    i.pm_buffer_ptr_get  pm_buffer.o
    0x0001f9ee   0x0000002a   Code   RO         1965    i.pm_buffer_release  pm_buffer.o
    0x0001fa18   0x00000008   Code   RO         1700    i.pm_conn_sec_config_reply  peer_manager.o
    0x0001fa20   0x00000018   Code   RO         1702    i.pm_conn_secure    peer_manager.o
    0x0001fa38   0x0000007c   Code   RO           13    i.pm_evt_handler    main.o
    0x0001fab4   0x00000080   Code   RO         1704    i.pm_gcm_evt_handler  peer_manager.o
    0x0001fb34   0x00000050   Code   RO         1707    i.pm_im_evt_handler  peer_manager.o
    0x0001fb84   0x00000070   Code   RO         1708    i.pm_init           peer_manager.o
    0x0001fbf4   0x00000014   Code   RO         1710    i.pm_local_database_has_changed  peer_manager.o
    0x0001fc08   0x00000010   Code   RO         1995    i.pm_mutex_init     pm_mutex.o
    0x0001fc18   0x0000001c   Code   RO         1996    i.pm_mutex_lock     pm_mutex.o
    0x0001fc34   0x00000034   Code   RO         1997    i.pm_mutex_lock_first_available  pm_mutex.o
    0x0001fc68   0x00000018   Code   RO         1998    i.pm_mutex_lock_status_get  pm_mutex.o
    0x0001fc80   0x00000036   Code   RO         1999    i.pm_mutex_unlock   pm_mutex.o
    0x0001fcb6   0x00000002   PAD
    0x0001fcb8   0x00000024   Code   RO         1712    i.pm_on_ble_evt     peer_manager.o
    0x0001fcdc   0x0000013c   Code   RO         1713    i.pm_pdb_evt_handler  peer_manager.o
    0x0001fe18   0x00000018   Code   RO         1724    i.pm_peer_delete    peer_manager.o
    0x0001fe30   0x000000c0   Code   RO         1727    i.pm_peer_rank_highest  peer_manager.o
    0x0001fef0   0x000000b0   Code   RO         1728    i.pm_peer_ranks_get  peer_manager.o
    0x0001ffa0   0x0000003c   Code   RO         1729    i.pm_peers_delete   peer_manager.o
    0x0001ffdc   0x00000030   Code   RO         1732    i.pm_register       peer_manager.o
    0x0002000c   0x00000018   Code   RO         1734    i.pm_sec_params_set  peer_manager.o
    0x00020024   0x0000014c   Code   RO         1735    i.pm_sm_evt_handler  peer_manager.o
    0x00020170   0x0000002c   Code   RO         3530    i.queue_advance     fstorage.o
    0x0002019c   0x00000038   Code   RO         3531    i.queue_get_next_free  fstorage.o
    0x000201d4   0x000000b8   Code   RO         3261    i.queue_process     fds.o
    0x0002028c   0x0000006c   Code   RO         3532    i.queue_process     fstorage.o
    0x000202f8   0x0000001c   Code   RO         3262    i.queue_start       fds.o
    0x00020314   0x0000001c   Code   RO         3533    i.queue_start       fstorage.o
    0x00020330   0x00000084   Code   RO         3263    i.record_find       fds.o
    0x000203b4   0x000000a0   Code   RO         3264    i.record_find_by_desc  fds.o
    0x00020454   0x00000054   Code   RO         3265    i.record_find_next  fds.o
    0x000204a8   0x00000024   Code   RO         3266    i.record_header_flag_dirty  fds.o
    0x000204cc   0x0000000a   Code   RO         1320    i.record_key_to_peer_data_id  peer_data_storage.o
    0x000204d6   0x00000002   PAD
    0x000204d8   0x00000018   Code   RO         1321    i.record_key_within_pm_range  peer_data_storage.o
    0x000204f0   0x0000005c   Code   RO         3267    i.record_write_chunk  fds.o
    0x0002054c   0x00000012   Code   RO         1623    i.release           peer_id.o
    0x0002055e   0x00000002   PAD
    0x00020560   0x00000044   Code   RO         3025    i.rtc1_stop         app_timer.o
    0x000205a4   0x00000026   Code   RO         2673    i.rx_byte           nrf_drv_uart.o
    0x000205ca   0x00000014   Code   RO         2674    i.rx_done_event     nrf_drv_uart.o
    0x000205de   0x00000002   PAD
    0x000205e0   0x00000084   Code   RO         3890    i.sd_nvic_EnableIRQ  softdevice_handler.o
    0x00020664   0x00000046   Code   RO         3643    i.sdk_mapped_flags_bulk_update_by_key  sdk_mapped_flags.o
    0x000206aa   0x00000002   PAD
    0x000206ac   0x00000028   Code   RO         3644    i.sdk_mapped_flags_first_key_index_get  sdk_mapped_flags.o
    0x000206d4   0x00000010   Code   RO         3645    i.sdk_mapped_flags_get_by_index  sdk_mapped_flags.o
    0x000206e4   0x00000026   Code   RO         3646    i.sdk_mapped_flags_get_by_key  sdk_mapped_flags.o
    0x0002070a   0x00000046   Code   RO         3647    i.sdk_mapped_flags_key_list_get  sdk_mapped_flags.o
    0x00020750   0x0000000e   Code   RO         3649    i.sdk_mapped_flags_update_by_key  sdk_mapped_flags.o
    0x0002075e   0x00000002   PAD
    0x00020760   0x000000b4   Code   RO         2052    i.sec_info_request_process  security_dispatcher.o
    0x00020814   0x00000076   Code   RO         2161    i.sec_params_verify  security_manager.o
    0x0002088a   0x00000002   PAD
    0x0002088c   0x0000004c   Code   RO         2053    i.sec_proc_start    security_dispatcher.o
    0x000208d8   0x0000001c   Code   RO         2054    i.sec_start_send    security_dispatcher.o
    0x000208f4   0x00000048   Code   RO         3534    i.send_event        fstorage.o
    0x0002093c   0x00000058   Code   RO          897    i.service_changed_pending_flags_check  gatt_cache_manager.o
    0x00020994   0x00000044   Code   RO         1003    i.service_changed_pending_set  gatts_cache_manager.o
    0x000209d8   0x00000098   Code   RO          898    i.service_changed_send_in_evt  gatt_cache_manager.o
    0x00020a70   0x0000008e   Code   RO          480    i.service_data_encode  ble_advdata.o
    0x00020afe   0x00000002   PAD
    0x00020b00   0x00000058   Code   RO          558    i.set_adv_mode_fast  ble_advertising.o
    0x00020b58   0x00000054   Code   RO          559    i.set_adv_mode_slow  ble_advertising.o
    0x00020bac   0x00000028   Code   RO           14    i.sleep_mode_enter  main.o
    0x00020bd4   0x00000014   Code   RO         2162    i.sm_ble_evt_handler  security_manager.o
    0x00020be8   0x0000001c   Code   RO         2163    i.sm_conn_sec_config_reply  security_manager.o
    0x00020c04   0x00000050   Code   RO         2164    i.sm_init           security_manager.o
    0x00020c54   0x0000000e   Code   RO         2166    i.sm_link_secure    security_manager.o
    0x00020c62   0x00000002   PAD
    0x00020c64   0x00000034   Code   RO         2167    i.sm_pdb_evt_handler  security_manager.o
    0x00020c98   0x00000030   Code   RO         2169    i.sm_sec_params_set  security_manager.o
    0x00020cc8   0x0000007c   Code   RO         2170    i.sm_smd_evt_handler  security_manager.o
    0x00020d44   0x000000e4   Code   RO         2055    i.smd_ble_evt_handler  security_dispatcher.o
    0x00020e28   0x0000003c   Code   RO         2056    i.smd_init          security_dispatcher.o
    0x00020e64   0x00000030   Code   RO         2057    i.smd_link_secure   security_dispatcher.o
    0x00020e94   0x00000110   Code   RO         2058    i.smd_params_reply  security_dispatcher.o
    0x00020fa4   0x00000088   Code   RO         2171    i.smd_params_reply_perform  security_manager.o
    0x0002102c   0x00000034   Code   RO         2059    i.smd_pdb_evt_handler  security_dispatcher.o
    0x00021060   0x00000014   Code   RO         3891    i.softdevice_ble_evt_handler_set  softdevice_handler.o
    0x00021074   0x00000014   Code   RO         3892    i.softdevice_enable  softdevice_handler.o
    0x00021088   0x00000028   Code   RO         3893    i.softdevice_enable_get_default_config  softdevice_handler.o
    0x000210b0   0x00000008   Code   RO         3894    i.softdevice_fault_handler  softdevice_handler.o
    0x000210b8   0x00000058   Code   RO         3895    i.softdevice_handler_init  softdevice_handler.o
    0x00021110   0x0000000c   Code   RO         3896    i.softdevice_handler_is_enabled  softdevice_handler.o
    0x0002111c   0x00000014   Code   RO         3901    i.softdevice_sys_evt_handler_set  softdevice_handler.o
    0x00021130   0x00000010   Code   RO           15    i.sys_evt_dispatch  main.o
    0x00021140   0x00000084   Code   RO         3026    i.timer_list_handler  app_timer.o
    0x000211c4   0x00000010   Code   RO         3027    i.timer_list_handler_sched  app_timer.o
    0x000211d4   0x00000040   Code   RO         3028    i.timer_list_insert  app_timer.o
    0x00021214   0x00000048   Code   RO         3029    i.timer_stop_op_schedule  app_timer.o
    0x0002125c   0x00000080   Code   RO         3030    i.timer_timeouts_check  app_timer.o
    0x000212dc   0x0000001e   Code   RO         2676    i.tx_byte           nrf_drv_uart.o
    0x000212fa   0x00000018   Code   RO         2677    i.tx_done_event     nrf_drv_uart.o
    0x00021312   0x00000128   Code   RO         2678    i.uart_irq_handler  nrf_drv_uart.o
    0x0002143a   0x0000000a   Code   RO          481    i.uint16_encode     ble_advdata.o
    0x00021444   0x00000064   Code   RO          643    i.update_timeout_handler  ble_conn_params.o
    0x000214a8   0x00000018   Code   RO          720    i.user_flag_is_acquired  ble_conn_state.o
    0x000214c0   0x0000002c   Code   RO         3031    i.user_op_alloc     app_timer.o
    0x000214ec   0x00000030   Code   RO          482    i.uuid_list_encode  ble_advdata.o
    0x0002151c   0x000000ae   Code   RO          483    i.uuid_list_sized_encode  ble_advdata.o
    0x000215ca   0x00000002   PAD
    0x000215cc   0x00000018   Code   RO          560    i.whitelist_has_entries  ble_advertising.o
    0x000215e4   0x00000024   Code   RO         1470    i.write_buf_length_words_set  peer_database.o
    0x00021608   0x00000024   Code   RO         1471    i.write_buffer_record_find  peer_database.o
    0x0002162c   0x00000028   Code   RO         1472    i.write_buffer_record_find_next  peer_database.o
    0x00021654   0x00000022   Code   RO         1473    i.write_buffer_record_invalidate  peer_database.o
    0x00021676   0x00000002   PAD
    0x00021678   0x00000028   Code   RO         1474    i.write_buffer_record_release  peer_database.o
    0x000216a0   0x00000118   Code   RO         3268    i.write_enqueue     fds.o
    0x000217b8   0x000000ec   Code   RO         3269    i.write_execute     fds.o
    0x000218a4   0x00000014   Code   RO         3270    i.write_space_free  fds.o
    0x000218b8   0x0000004c   Code   RO         3271    i.write_space_reserve  fds.o
    0x00021904   0x00000004   Data   RO           17    .constdata          main.o
    0x00021908   0x0000003c   Data   RO          341    .constdata          bsp.o
    0x00021944   0x00000004   Data   RO          646    .constdata          ble_conn_params.o
    0x00021948   0x00000004   Data   RO         1004    .constdata          gatts_cache_manager.o
    0x0002194c   0x00000010   Data   RO         1005    .constdata          gatts_cache_manager.o
    0x0002195c   0x00000004   Data   RO         1006    .constdata          gatts_cache_manager.o
    0x00021960   0x00000008   Data   RO         1106    .constdata          id_manager.o
    0x00021968   0x00000004   Data   RO         1322    .constdata          peer_data_storage.o
    0x0002196c   0x00000014   Data   RO         1476    .constdata          peer_database.o
    0x00021980   0x00000010   Data   RO         1739    .constdata          peer_manager.o
    0x00021990   0x00000044   Data   RO         2061    .constdata          security_dispatcher.o
    0x000219d4   0x00000004   Data   RO         2172    .constdata          security_manager.o
    0x000219d8   0x00000008   Data   RO         2825    .constdata          app_button.o
    0x000219e0   0x00000014   Data   RO         3273    .constdata          fds.o
    0x000219f4   0x00000020   Data   RO         4088    Region$$Table       anon$$obj.o


    Execution Region RW_IRAM1 (Base: 0x20001fe8, Size: 0x000012e0, Max: 0x00002018, ABSOLUTE, COMPRESSED[0x00000030])

    Base Addr    Size         Type   Attr      Idx    E Section Name        Object

    0x20001fe8   0x00000006   Data   RW           18    .data               main.o
    0x20001fee   0x00000002   PAD
    0x20001ff0   0x00000018   Data   RW          342    .data               bsp.o
    0x20002008   0x00000008   Data   RW          439    .data               bsp_btn_ble.o
    0x20002010   0x00000030   Data   RW          564    .data               ble_advertising.o
    0x20002040   0x00000014   Data   RW          647    .data               ble_conn_params.o
    0x20002054   0x0000000c   Data   RW          899    .data               gatt_cache_manager.o
    0x20002060   0x0000000c   Data   RW         1007    .data               gatts_cache_manager.o
    0x2000206c   0x0000000a   Data   RW         1107    .data               id_manager.o
    0x20002076   0x00000002   PAD
    0x20002078   0x0000000c   Data   RW         1323    .data               peer_data_storage.o
    0x20002084   0x00000008   Data   RW         1477    .data               peer_database.o
    0x2000208c   0x00000010   Data   RW         1740    .data               peer_manager.o
    0x2000209c   0x00000004   Data   RW         2062    .data               security_dispatcher.o
    0x200020a0   0x00000015   Data   RW         2173    .data               security_manager.o
    0x200020b5   0x00000003   PAD
    0x200020b8   0x00000014   Data   RW         2826    .data               app_button.o
    0x200020cc   0x00000020   Data   RW         3032    .data               app_timer.o
    0x200020ec   0x0000000c   Data   RW         3162    .data               app_util_platform.o
    0x200020f8   0x00000018   Data   RW         3274    .data               fds.o
    0x20002110   0x00000002   Data   RW         3536    .data               fstorage.o
    0x20002112   0x00000002   PAD
    0x20002114   0x00000014   Data   RW         3902    .data               softdevice_handler.o
    0x20002128   0x00000004   Data   RW         4023    .data               system_nrf51.o
    0x2000212c   0x00000010   Data   RW         3275    fs_data             fds.o
    0x2000213c   0x000000c0   Zero   RW           16    .bss                main.o
    0x200021fc   0x00000020   Zero   RW          337    .bss                bsp.o
    0x2000221c   0x00000020   Zero   RW          338    .bss                bsp.o
    0x2000223c   0x0000000c   Zero   RW          339    .bss                bsp.o
    0x20002248   0x00000020   Zero   RW          340    .bss                bsp.o
    0x20002268   0x00000167   Zero   RW          561    .bss                ble_advertising.o
    0x200023cf   0x00000001   PAD
    0x200023d0   0x00000020   Zero   RW          562    .bss                ble_advertising.o
    0x200023f0   0x00000020   Zero   RW          563    .bss                ble_advertising.o
    0x20002410   0x00000020   Zero   RW          644    .bss                ble_conn_params.o
    0x20002430   0x0000001c   Zero   RW          645    .bss                ble_conn_params.o
    0x2000244c   0x00000034   Zero   RW          721    .bss                ble_conn_state.o
    0x20002480   0x00000070   Zero   RW         1105    .bss                id_manager.o
    0x200024f0   0x00000330   Zero   RW         1475    .bss                peer_database.o
    0x20002820   0x00000040   Zero   RW         1624    .bss                peer_id.o
    0x20002860   0x0000000c   Zero   RW         1738    .bss                peer_manager.o
    0x2000286c   0x00000040   Zero   RW         2060    .bss                security_dispatcher.o
    0x200028ac   0x00000014   Zero   RW         2297    .bss                nrf_drv_clock.o
    0x200028c0   0x00000048   Zero   RW         2483    .bss                nrf_drv_gpiote.o
    0x20002908   0x0000001c   Zero   RW         2679    .bss                nrf_drv_uart.o
    0x20002924   0x00000020   Zero   RW         2824    .bss                app_button.o
    0x20002944   0x0000011c   Zero   RW         3272    .bss                fds.o
    0x20002a60   0x00000068   Zero   RW         3535    .bss                fstorage.o
    0x20002ac8   0x00000800   Zero   RW         4011    STACK               arm_startup_nrf51.o


==============================================================================

Image component sizes


      Code (inc. data)   RO Data    RW Data    ZI Data      Debug   Object Name

       328         34          8         20         32       8518   app_button.o
        24          4          0          0          0       2141   app_error.o
        28         10          0          0          0       7074   app_error_weak.o
      1608        158          0         32          0      29007   app_timer.o
       104         20          0         12          0       6114   app_util_platform.o
        56         18        192          0       2048        688   arm_startup_nrf51.o
      1368          6          0          0          0      16692   ble_advdata.o
      1108         78          0         48        423       9749   ble_advertising.o
       460         60          4         20         60       5120   ble_conn_params.o
       532         52          0          0         52       8673   ble_conn_state.o
        14          0          0          0          0       1342   ble_srv_common.o
      1088        118         60         24        108       8769   bsp.o
       284         10          0          8          0       4429   bsp_btn_ble.o
      3622        376         20         40        284      39962   fds.o
       980         82          0          2        104      11443   fstorage.o
      1044         80          0         12          0      14756   gatt_cache_manager.o
       532         66         24         12          0       8283   gatts_cache_manager.o
      1174         92          8         10        112      18393   id_manager.o
      1118        112          4          6        192     115039   main.o
       264         36          0          0         20       9512   nrf_drv_clock.o
        96         18          0          0          0       8568   nrf_drv_common.o
      1048        120          0          0         72      20868   nrf_drv_gpiote.o
       454          8          0          0         28      14681   nrf_drv_uart.o
      1202         64          4         12          0      17068   peer_data_storage.o
      1374         72         20          8        816      21408   peer_database.o
       370         60          0          0         64       8055   peer_id.o
      1620        138         16         16         12      16980   peer_manager.o
       248          0          0          0          0       3679   pm_buffer.o
       224          0          0          0          0       4609   pm_mutex.o
       248          6          0          0          0       5268   sdk_mapped_flags.o
      1836        104         68          4         64      17712   security_dispatcher.o
      1100         82          4         21          0      15765   security_manager.o
       528         70          0         20          0      19484   softdevice_handler.o
       232         36          0          4          0       2271   system_nrf51.o

    ----------------------------------------------------------------------
     26374       2190        464        340       4492     502120   Object Totals
         0          0         32          0          0          0   (incl. Generated)
        58          0          0          9          1          0   (incl. Padding)

    ----------------------------------------------------------------------

      Code (inc. data)   RO Data    RW Data    ZI Data      Debug   Library Member Name

        86          0          0          0          0          0   __dczerorl2.o
         0          0          0          0          0          0   entry.o
         0          0          0          0          0          0   entry10a.o
         0          0          0          0          0          0   entry11a.o
         8          4          0          0          0          0   entry2.o
         4          0          0          0          0          0   entry5.o
         0          0          0          0          0          0   entry7b.o
         0          0          0          0          0          0   entry8b.o
         8          4          0          0          0          0   entry9a.o
        30          0          0          0          0          0   handlers.o
        36          8          0          0          0         68   init.o
        26          0          0          0          0         72   memcmp.o
        36          0          0          0          0         60   memcpya.o
        36          0          0          0          0        100   memseta.o
        44          0          0          0          0         72   uidiv.o

    ----------------------------------------------------------------------
       318         16          0          0          0        372   Library Totals
         4          0          0          0          0          0   (incl. Padding)

    ----------------------------------------------------------------------

      Code (inc. data)   RO Data    RW Data    ZI Data      Debug   Library Name

       314         16          0          0          0        372   mc_p.l

    ----------------------------------------------------------------------
       318         16          0          0          0        372   Library Totals

    ----------------------------------------------------------------------

==============================================================================


      Code (inc. data)   RO Data    RW Data    ZI Data      Debug   

     26692       2206        464        340       4492     487272   Grand Totals
     26692       2206        464         48       4492     487272   ELF Image Totals (compressed)
     26692       2206        464         48          0          0   ROM Totals

==============================================================================

    Total RO  Size (Code + RO Data)                27156 (  26.52kB)
    Total RW  Size (RW Data + ZI Data)              4832 (   4.72kB)
    Total ROM Size (Code + RO Data + RW Data)      27204 (  26.57kB)

==============================================================================

